<html>
<body>
<pre>
<h1>µVision Build Log</h1>
<h2>Tool Versions:</h2>
IDE-Version: µVision V5.21.1.0
Copyright (C) 2016 ARM Ltd and ARM Germany GmbH. All rights reserved.
License Information: Youss Acer, free palestine, LIC=MPPDY-IG0BD-HKTBD-8S5QQ-XURX3-CK4ME
 
Tool Versions:
Toolchain:       MDK-ARM Plus  Version: 5.21a
Toolchain Path:  C:\Keil_v5\ARM\ARMCC\Bin
C Compiler:      Armcc.exe V5.06 update 3 (build 300)
Assembler:       Armasm.exe V5.06 update 3 (build 300)
Linker/Locator:  ArmLink.exe V5.06 update 3 (build 300)
Library Manager: ArmAr.exe V5.06 update 3 (build 300)
Hex Converter:   FromElf.exe V5.06 update 3 (build 300)
CPU DLL:         SARMCM3.DLL V5.21a
Dialog DLL:      DCM.DLL V1.13.8.0
Target DLL:      CMSIS_AGDI.dll V1.26.5.0
Dialog DLL:      TCM.DLL V1.14.14.0
 
<h2>Project:</h2>
C:\Users\Acer\Desktop\UAV_lab\FreeRTOS---Six_Degrees_of_Freedom _Adaptive_controller\USER\JX_FLY.uvprojx
Project File Date:  09/15/2026

<h2>Output:</h2>
*** Using Compiler 'V5.06 update 3 (build 300)', folder: 'C:\Keil_v5\ARM\ARMCC\Bin'
Rebuild target 'JX_FLY'
compiling fault_capture.c...
compiling retarget.c...
compiling led.c...
compiling stm32f4xx_it.c...
..\Global_file\global_declare.h(325): warning:  #1267-D: Implicit physical register R0 should be defined as a variable
          __asm volatile("mov r0, r0\n" \
..\Global_file\global_declare.h(345): warning:  #1267-D: Implicit physical register R0 should be defined as a variable
          __asm volatile("mov r0, r0\n" \
..\BSP\rpm.h(87): warning:  #1-D: last line of file ends without a newline
  #endif
..\TASK\stm32f4xx_it.c: 3 warnings, 0 errors
compiling RemoterTask.c...
..\Global_file\global_declare.h(325): warning:  #1267-D: Implicit physical register R0 should be defined as a variable
          __asm volatile("mov r0, r0\n" \
..\Global_file\global_declare.h(345): warning:  #1267-D: Implicit physical register R0 should be defined as a variable
          __asm volatile("mov r0, r0\n" \
..\TASK\RemoterTask.c: 2 warnings, 0 errors
compiling main.c...
..\Global_file\global_declare.h(325): warning:  #1267-D: Implicit physical register R0 should be defined as a variable
          __asm volatile("mov r0, r0\n" \
..\Global_file\global_declare.h(345): warning:  #1267-D: Implicit physical register R0 should be defined as a variable
          __asm volatile("mov r0, r0\n" \
..\API\subscribe.h(393): warning:  #1-D: last line of file ends without a newline
  #endif
main.c: 3 warnings, 0 errors
compiling StabilizerTask.c...
..\Global_file\global_declare.h(325): warning:  #1267-D: Implicit physical register R0 should be defined as a variable
          __asm volatile("mov r0, r0\n" \
..\Global_file\global_declare.h(345): warning:  #1267-D: Implicit physical register R0 should be defined as a variable
          __asm volatile("mov r0, r0\n" \
..\BSP\rpm.h(87): warning:  #1-D: last line of file ends without a newline
  #endif
..\TASK\StabilizerTask.c(80): warning:  #9-D: nested comment is not allowed
  /* Optical-flow velocity-bias estimation mode selector.
..\TASK\StabilizerTask.c: 4 warnings, 0 errors
compiling AutoflyTask.c...
..\Global_file\global_declare.h(325): warning:  #1267-D: Implicit physical register R0 should be defined as a variable
          __asm volatile("mov r0, r0\n" \
..\Global_file\global_declare.h(345): warning:  #1267-D: Implicit physical register R0 should be defined as a variable
          __asm volatile("mov r0, r0\n" \
..\TASK\AutoflyTask.c: 2 warnings, 0 errors
compiling systemmonitor_task.c...
..\Global_file\global_declare.h(325): warning:  #1267-D: Implicit physical register R0 should be defined as a variable
          __asm volatile("mov r0, r0\n" \
..\Global_file\global_declare.h(345): warning:  #1267-D: Implicit physical register R0 should be defined as a variable
          __asm volatile("mov r0, r0\n" \
..\TASK\systemmonitor_task.c: 2 warnings, 0 errors
compiling delay.c...
compiling send_data.c...
..\Global_file\global_declare.h(325): warning:  #1267-D: Implicit physical register R0 should be defined as a variable
          __asm volatile("mov r0, r0\n" \
..\Global_file\global_declare.h(345): warning:  #1267-D: Implicit physical register R0 should be defined as a variable
          __asm volatile("mov r0, r0\n" \
..\BSP\rpm.h(87): warning:  #1-D: last line of file ends without a newline
  #endif
..\API\subscribe.h(393): warning:  #1-D: last line of file ends without a newline
  #endif
..\TASK\send_data.c: 4 warnings, 0 errors
compiling mrac_math.c...
..\API\mrac_math.h(53): warning:  #1-D: last line of file ends without a newline
  #endif // MRAC_MATH_H
..\API\mrac_math.c(74): warning:  #1-D: last line of file ends without a newline
  }
..\API\mrac_math.c: 2 warnings, 0 errors
compiling gyro_filter.c...
..\API\gyro_filter.c(71): warning:  #186-D: pointless comparison of unsigned integer with zero
      if (axis < 0 || axis >= GYRO_FILT_AXES) return;
..\API\gyro_filter.c(85): warning:  #186-D: pointless comparison of unsigned integer with zero
      if (!s_enabled || axis < 0 || axis >= GYRO_FILT_AXES) {
..\API\gyro_filter.c: 2 warnings, 0 errors
compiling bmi088_driver.c...
..\Global_file\global_declare.h(325): warning:  #1267-D: Implicit physical register R0 should be defined as a variable
          __asm volatile("mov r0, r0\n" \
..\Global_file\global_declare.h(345): warning:  #1267-D: Implicit physical register R0 should be defined as a variable
          __asm volatile("mov r0, r0\n" \
..\API\bmi088_driver.c: 2 warnings, 0 errors
compiling pid.c...
..\Global_file\global_declare.h(325): warning:  #1267-D: Implicit physical register R0 should be defined as a variable
          __asm volatile("mov r0, r0\n" \
..\Global_file\global_declare.h(345): warning:  #1267-D: Implicit physical register R0 should be defined as a variable
          __asm volatile("mov r0, r0\n" \
..\API\pid.c: 2 warnings, 0 errors
compiling imu_update.c...
..\Global_file\global_declare.h(325): warning:  #1267-D: Implicit physical register R0 should be defined as a variable
          __asm volatile("mov r0, r0\n" \
..\Global_file\global_declare.h(345): warning:  #1267-D: Implicit physical register R0 should be defined as a variable
          __asm volatile("mov r0, r0\n" \
..\API\imu_update.c: 2 warnings, 0 errors
compiling mrac.c...
..\API\mrac_math.h(53): warning:  #1-D: last line of file ends without a newline
  #endif // MRAC_MATH_H
..\API\mrac.c(52): warning:  #177-D: function "MRAC_InverseMixer" was declared but never referenced
  static void MRAC_InverseMixer(float current_vbatt, float pwm1, float pwm2, float pwm3, float pwm4,
..\API\mrac.c: 2 warnings, 0 errors
compiling ekf.c...
..\Global_file\global_declare.h(325): warning:  #1267-D: Implicit physical register R0 should be defined as a variable
          __asm volatile("mov r0, r0\n" \
..\Global_file\global_declare.h(345): warning:  #1267-D: Implicit physical register R0 should be defined as a variable
          __asm volatile("mov r0, r0\n" \
..\API\ekf.c: 2 warnings, 0 errors
compiling thrust_estimators.c...
..\API\thrust_estimators.c(22): warning:  #9-D: nested comment is not allowed
   * PLACEHOLDER: fit from ground_station/logs/bench/*.csv */
..\API\thrust_estimators.c(29): warning:  #9-D: nested comment is not allowed
   * PLACEHOLDER: fit from ground_station/logs/bench/*.csv */
..\API\thrust_estimators.c: 2 warnings, 0 errors
compiling ekf_of.c...
..\Global_file\global_declare.h(325): warning:  #1267-D: Implicit physical register R0 should be defined as a variable
          __asm volatile("mov r0, r0\n" \
..\Global_file\global_declare.h(345): warning:  #1267-D: Implicit physical register R0 should be defined as a variable
          __asm volatile("mov r0, r0\n" \
..\API\ekf_of.c(86): warning:  #550-D: variable "P21" was set but never used
      float P01, P11, P21;
..\API\ekf_of.c: 3 warnings, 0 errors
compiling calib.c...
..\Global_file\global_declare.h(325): warning:  #1267-D: Implicit physical register R0 should be defined as a variable
          __asm volatile("mov r0, r0\n" \
..\Global_file\global_declare.h(345): warning:  #1267-D: Implicit physical register R0 should be defined as a variable
          __asm volatile("mov r0, r0\n" \
..\API\calib.c: 2 warnings, 0 errors
compiling sysid.c...
..\Global_file\global_declare.h(325): warning:  #1267-D: Implicit physical register R0 should be defined as a variable
          __asm volatile("mov r0, r0\n" \
..\Global_file\global_declare.h(345): warning:  #1267-D: Implicit physical register R0 should be defined as a variable
          __asm volatile("mov r0, r0\n" \
..\API\sysid.c(163): warning:  #186-D: pointless comparison of unsigned integer with zero
      if (axis < SYSID_AXIS_PITCH || axis > SYSID_AXIS_Z) return 0;
..\API\sysid.c(66): warning:  #177-D: function "attitude_deg" was declared but never referenced
  static float attitude_deg(SysID_Axis_e a)
..\API\sysid.c: 4 warnings, 0 errors
compiling rc_input.c...
..\Global_file\global_declare.h(325): warning:  #1267-D: Implicit physical register R0 should be defined as a variable
          __asm volatile("mov r0, r0\n" \
..\Global_file\global_declare.h(345): warning:  #1267-D: Implicit physical register R0 should be defined as a variable
          __asm volatile("mov r0, r0\n" \
..\API\rc_input.c: 2 warnings, 0 errors
compiling tf_mini_plus.c...
compiling subscribe.c...
..\API\subscribe.h(393): warning:  #1-D: last line of file ends without a newline
  #endif
..\Global_file\global_declare.h(325): warning:  #1267-D: Implicit physical register R0 should be defined as a variable
          __asm volatile("mov r0, r0\n" \
..\Global_file\global_declare.h(345): warning:  #1267-D: Implicit physical register R0 should be defined as a variable
          __asm volatile("mov r0, r0\n" \
..\API\subscribe.c(907): warning:  #1-D: last line of file ends without a newline
  }
..\API\subscribe.c: 4 warnings, 0 errors
compiling Filter.c...
compiling GPS.c...
compiling time_estimate.c...
compiling sys.c...
compiling Ano_OF.c...
compiling flight_fsm.c...
..\Global_file\global_declare.h(325): warning:  #1267-D: Implicit physical register R0 should be defined as a variable
          __asm volatile("mov r0, r0\n" \
..\Global_file\global_declare.h(345): warning:  #1267-D: Implicit physical register R0 should be defined as a variable
          __asm volatile("mov r0, r0\n" \
..\API\flight_fsm.c: 2 warnings, 0 errors
compiling Accel_Calibartion.c...
..\Global_file\global_declare.h(325): warning:  #1267-D: Implicit physical register R0 should be defined as a variable
          __asm volatile("mov r0, r0\n" \
..\Global_file\global_declare.h(345): warning:  #1267-D: Implicit physical register R0 should be defined as a variable
          __asm volatile("mov r0, r0\n" \
..\API\Accel_Calibartion.c: 2 warnings, 0 errors
compiling ADC.c...
compiling SINS.c...
..\Global_file\global_declare.h(325): warning:  #1267-D: Implicit physical register R0 should be defined as a variable
          __asm volatile("mov r0, r0\n" \
..\Global_file\global_declare.h(345): warning:  #1267-D: Implicit physical register R0 should be defined as a variable
          __asm volatile("mov r0, r0\n" \
..\API\SINS.c: 2 warnings, 0 errors
compiling rpm.c...
..\BSP\rpm.h(87): warning:  #1-D: last line of file ends without a newline
  #endif
..\BSP\rpm.c(254): warning:  #1-D: last line of file ends without a newline
  }
..\BSP\rpm.c: 2 warnings, 0 errors
compiling pwm.c...
..\Global_file\global_declare.h(325): warning:  #1267-D: Implicit physical register R0 should be defined as a variable
          __asm volatile("mov r0, r0\n" \
..\Global_file\global_declare.h(345): warning:  #1267-D: Implicit physical register R0 should be defined as a variable
          __asm volatile("mov r0, r0\n" \
..\BSP\pwm.c: 2 warnings, 0 errors
compiling BSP.c...
..\Global_file\global_declare.h(325): warning:  #1267-D: Implicit physical register R0 should be defined as a variable
          __asm volatile("mov r0, r0\n" \
..\Global_file\global_declare.h(345): warning:  #1267-D: Implicit physical register R0 should be defined as a variable
          __asm volatile("mov r0, r0\n" \
..\BSP\rpm.h(87): warning:  #1-D: last line of file ends without a newline
  #endif
..\BSP\BSP.c: 3 warnings, 0 errors
compiling spi.c...
..\Global_file\global_declare.h(325): warning:  #1267-D: Implicit physical register R0 should be defined as a variable
          __asm volatile("mov r0, r0\n" \
..\Global_file\global_declare.h(345): warning:  #1267-D: Implicit physical register R0 should be defined as a variable
          __asm volatile("mov r0, r0\n" \
..\BSP\spi.c: 2 warnings, 0 errors
compiling usart1.c...
..\Global_file\global_declare.h(325): warning:  #1267-D: Implicit physical register R0 should be defined as a variable
          __asm volatile("mov r0, r0\n" \
..\Global_file\global_declare.h(345): warning:  #1267-D: Implicit physical register R0 should be defined as a variable
          __asm volatile("mov r0, r0\n" \
..\BSP\usart1.c: 2 warnings, 0 errors
compiling usart2.c...
..\Global_file\global_declare.h(325): warning:  #1267-D: Implicit physical register R0 should be defined as a variable
          __asm volatile("mov r0, r0\n" \
..\Global_file\global_declare.h(345): warning:  #1267-D: Implicit physical register R0 should be defined as a variable
          __asm volatile("mov r0, r0\n" \
..\BSP\usart2.c: 2 warnings, 0 errors
compiling usart4.c...
..\Global_file\global_declare.h(325): warning:  #1267-D: Implicit physical register R0 should be defined as a variable
          __asm volatile("mov r0, r0\n" \
..\Global_file\global_declare.h(345): warning:  #1267-D: Implicit physical register R0 should be defined as a variable
          __asm volatile("mov r0, r0\n" \
..\BSP\usart4.c: 2 warnings, 0 errors
compiling usart6.c...
compiling usart5.c...
..\Global_file\global_declare.h(325): warning:  #1267-D: Implicit physical register R0 should be defined as a variable
          __asm volatile("mov r0, r0\n" \
..\Global_file\global_declare.h(345): warning:  #1267-D: Implicit physical register R0 should be defined as a variable
          __asm volatile("mov r0, r0\n" \
..\API\subscribe.h(393): warning:  #1-D: last line of file ends without a newline
  #endif
..\BSP\usart5.c: 3 warnings, 0 errors
compiling usart3.c...
..\Global_file\global_declare.h(325): warning:  #1267-D: Implicit physical register R0 should be defined as a variable
          __asm volatile("mov r0, r0\n" \
..\Global_file\global_declare.h(345): warning:  #1267-D: Implicit physical register R0 should be defined as a variable
          __asm volatile("mov r0, r0\n" \
..\BSP\usart3.c: 2 warnings, 0 errors
compiling global_declare.c...
..\Global_file\global_declare.h(325): warning:  #1267-D: Implicit physical register R0 should be defined as a variable
          __asm volatile("mov r0, r0\n" \
..\Global_file\global_declare.h(345): warning:  #1267-D: Implicit physical register R0 should be defined as a variable
          __asm volatile("mov r0, r0\n" \
..\Global_file\global_declare.c: 2 warnings, 0 errors
compiling globaluse_basic_function.c...
..\Global_file\global_declare.h(325): warning:  #1267-D: Implicit physical register R0 should be defined as a variable
          __asm volatile("mov r0, r0\n" \
..\Global_file\global_declare.h(345): warning:  #1267-D: Implicit physical register R0 should be defined as a variable
          __asm volatile("mov r0, r0\n" \
..\Global_file\globaluse_basic_function.c: 2 warnings, 0 errors
compiling misc.c...
compiling stm32f4xx_adc.c...
compiling algorithm.c...
..\Global_file\global_declare.h(325): warning:  #1267-D: Implicit physical register R0 should be defined as a variable
          __asm volatile("mov r0, r0\n" \
..\Global_file\global_declare.h(345): warning:  #1267-D: Implicit physical register R0 should be defined as a variable
          __asm volatile("mov r0, r0\n" \
..\Global_file\algorithm.c: 2 warnings, 0 errors
compiling stm32f4xx_crc.c...
compiling stm32f4xx_can.c...
compiling stm32f4xx_cryp_des.c...
compiling stm32f4xx_cryp.c...
compiling stm32f4xx_dcmi.c...
compiling stm32f4xx_cryp_tdes.c...
compiling stm32f4xx_cryp_aes.c...
compiling stm32f4xx_dac.c...
compiling stm32f4xx_dbgmcu.c...
compiling stm32f4xx_dma.c...
compiling stm32f4xx_dma2d.c...
compiling stm32f4xx_fsmc.c...
compiling stm32f4xx_exti.c...
compiling stm32f4xx_gpio.c...
compiling stm32f4xx_flash.c...
compiling stm32f4xx_flash_ramfunc.c...
compiling stm32f4xx_hash.c...
compiling stm32f4xx_hash_md5.c...
compiling stm32f4xx_hash_sha1.c...
compiling stm32f4xx_iwdg.c...
compiling stm32f4xx_pwr.c...
compiling stm32f4xx_ltdc.c...
compiling stm32f4xx_i2c.c...
compiling stm32f4xx_rcc.c...
compiling stm32f4xx_rng.c...
compiling stm32f4xx_sdio.c...
compiling stm32f4xx_spi.c...
compiling stm32f4xx_sai.c...
compiling stm32f4xx_syscfg.c...
compiling stm32f4xx_rtc.c...
compiling stm32f4xx_tim.c...
compiling stm32f4xx_usart.c...
assembling startup_stm32f40_41xxx.s...
compiling system_stm32f4xx.c...
compiling stm32f4xx_wwdg.c...
compiling croutine.c...
compiling event_groups.c...
compiling queue.c...
compiling list.c...
compiling tasks.c...
compiling timers.c...
compiling port.c...
compiling heap_4.c...
linking...
Program Size: Code=86544 RO-data=1664 RW-data=2428 ZI-data=119948  
FromELF: creating hex file...
"..\OBJ\JX_FLY.axf" - 0 Error(s), 83 Warning(s).

<h2>Collection of Component include folders:</h2>
  C:\Users\Acer\Desktop\UAV_lab\FreeRTOS---Six_Degrees_of_Freedom _Adaptive_controller\USER\RTE
  C:\Keil_v5\ARM\PACK\Keil\STM32F4xx_DFP\2.2.0\Drivers\CMSIS\Device\ST\STM32F4xx\Include

<h2>Collection of Component Files used:</h2>
Build Time Elapsed:  00:00:36
</pre>
</body>
</html>
