Component: ARM Compiler 5.06 update 3 (build 300) Tool: armlink [4d35c9]

==============================================================================

Section Cross References

    main.o(i.Autofly_Task) refers to tasks.o(i.xTaskGetTickCount) for xTaskGetTickCount
    main.o(i.Autofly_Task) refers to autoflytask.o(i.AutoflyTask) for AutoflyTask
    main.o(i.Autofly_Task) refers to tasks.o(i.vTaskDelayUntil) for vTaskDelayUntil
    main.o(i.Autofly_Task) refers to global_declare.o(.bss) for system_monitor
    main.o(i.IMUSample_Task) refers to tasks.o(i.xTaskGetTickCount) for xTaskGetTickCount
    main.o(i.IMUSample_Task) refers to bmi088_driver.o(i.Sensor_Data_Prepare) for Sensor_Data_Prepare
    main.o(i.IMUSample_Task) refers to tasks.o(i.vTaskDelayUntil) for vTaskDelayUntil
    main.o(i.IMUSample_Task) refers to global_declare.o(.bss) for system_monitor
    main.o(i.IMU_DataDeal_Task) refers to tasks.o(i.xTaskGetTickCount) for xTaskGetTickCount
    main.o(i.IMU_DataDeal_Task) refers to imu_update.o(i.IMU_Update_Mahony) for IMU_Update_Mahony
    main.o(i.IMU_DataDeal_Task) refers to tasks.o(i.vTaskDelayUntil) for vTaskDelayUntil
    main.o(i.IMU_DataDeal_Task) refers to imu_update.o(.data) for imu_data
    main.o(i.IMU_DataDeal_Task) refers to global_declare.o(.bss) for system_monitor
    main.o(i.Remoter_Task) refers to tasks.o(i.xTaskGetTickCount) for xTaskGetTickCount
    main.o(i.Remoter_Task) refers to remotertask.o(i.remoter_task) for remoter_task
    main.o(i.Remoter_Task) refers to tasks.o(i.vTaskDelayUntil) for vTaskDelayUntil
    main.o(i.Remoter_Task) refers to global_declare.o(.bss) for system_monitor
    main.o(i.Send_Task) refers to tasks.o(i.xTaskGetTickCount) for xTaskGetTickCount
    main.o(i.Send_Task) refers to send_data.o(i.Send_Groundstation_Telemetry_UART4) for Send_Groundstation_Telemetry_UART4
    main.o(i.Send_Task) refers to subscribe.o(i.Subscribe_StreamTick) for Subscribe_StreamTick
    main.o(i.Send_Task) refers to send_data.o(i.Process_GroundStation_Command) for Process_GroundStation_Command
    main.o(i.Send_Task) refers to tasks.o(i.vTaskDelay) for vTaskDelay
    main.o(i.Send_Task) refers to send_data.o(i.send_to_linux) for send_to_linux
    main.o(i.Send_Task) refers to send_data.o(i.usart3_send) for usart3_send
    main.o(i.Send_Task) refers to tasks.o(i.vTaskDelayUntil) for vTaskDelayUntil
    main.o(i.Send_Task) refers to mrac.o(.bss) for mrac_flags
    main.o(i.Send_Task) refers to subscribe.o(.data) for g_telemetry_mode
    main.o(i.Send_Task) refers to global_declare.o(.bss) for system_monitor
    main.o(i.Stabilizer_Task) refers to tasks.o(i.xTaskGetTickCount) for xTaskGetTickCount
    main.o(i.Stabilizer_Task) refers to mrac.o(i.MRAC_Init) for MRAC_Init
    main.o(i.Stabilizer_Task) refers to gyro_filter.o(i.GyroFilter_Init) for GyroFilter_Init
    main.o(i.Stabilizer_Task) refers to stabilizertask.o(i.stabilizer_Task) for stabilizer_Task
    main.o(i.Stabilizer_Task) refers to tasks.o(i.vTaskDelayUntil) for vTaskDelayUntil
    main.o(i.Stabilizer_Task) refers to global_declare.o(.bss) for system_monitor
    main.o(i.SystemMonitor_Task) refers to tasks.o(i.xTaskGetTickCount) for xTaskGetTickCount
    main.o(i.SystemMonitor_Task) refers to systemmonitor_task.o(i.SystemErrorDetect) for SystemErrorDetect
    main.o(i.SystemMonitor_Task) refers to stabilizertask.o(i.Get_Voltage) for Get_Voltage
    main.o(i.SystemMonitor_Task) refers to tasks.o(i.vTaskDelayUntil) for vTaskDelayUntil
    main.o(i.main) refers to bsp.o(i.BSP_Init) for BSP_Init
    main.o(i.main) refers to fault_capture.o(i.FaultRecord_Init) for FaultRecord_Init
    main.o(i.main) refers to tasks.o(i.xTaskCreate) for xTaskCreate
    main.o(i.main) refers to tasks.o(i.vTaskStartScheduler) for vTaskStartScheduler
    main.o(i.main) refers to main.o(.data) for StartTask_Handler
    main.o(i.main) refers to main.o(i.start_task) for start_task
    main.o(i.start_task) refers to port.o(i.vPortEnterCritical) for vPortEnterCritical
    main.o(i.start_task) refers to tasks.o(i.xTaskCreate) for xTaskCreate
    main.o(i.start_task) refers to tasks.o(i.vTaskDelete) for vTaskDelete
    main.o(i.start_task) refers to port.o(i.vPortExitCritical) for vPortExitCritical
    main.o(i.start_task) refers to main.o(.data) for SystemMonitorTask_Handler
    main.o(i.start_task) refers to main.o(i.SystemMonitor_Task) for SystemMonitor_Task
    main.o(i.start_task) refers to main.o(i.IMU_DataDeal_Task) for IMU_DataDeal_Task
    main.o(i.start_task) refers to main.o(i.IMUSample_Task) for IMUSample_Task
    main.o(i.start_task) refers to main.o(i.Stabilizer_Task) for Stabilizer_Task
    main.o(i.start_task) refers to main.o(i.Remoter_Task) for Remoter_Task
    main.o(i.start_task) refers to main.o(i.Autofly_Task) for Autofly_Task
    main.o(i.start_task) refers to main.o(i.Send_Task) for Send_Task
    main.o(i.vApplicationMallocFailedHook) refers to fault_capture.o(i.FaultCapture_Record) for FaultCapture_Record
[...]
    vTaskSetTimeOutState                     0x08013601   Thumb Code    32  tasks.o(i.vTaskSetTimeOutState)
    vTaskStartScheduler                      0x0801364d   Thumb Code   108  tasks.o(i.vTaskStartScheduler)
    vTaskSuspendAll                          0x080136f9   Thumb Code    12  tasks.o(i.vTaskSuspendAll)
    vTaskSwitchContext                       0x08013709   Thumb Code   164  tasks.o(i.vTaskSwitchContext)
    xPortStartScheduler                      0x080137e5   Thumb Code   258  port.o(i.xPortStartScheduler)
    xPortSysTickHandler                      0x08013941   Thumb Code    46  port.o(i.xPortSysTickHandler)
    xQueueGenericCreate                      0x08013975   Thumb Code    78  queue.o(i.xQueueGenericCreate)
    xQueueGenericReceive                     0x080139e9   Thumb Code   416  queue.o(i.xQueueGenericReceive)
    xQueueGenericReset                       0x08013bb1   Thumb Code   136  queue.o(i.xQueueGenericReset)
    xQueueGenericSend                        0x08013c61   Thumb Code   412  queue.o(i.xQueueGenericSend)
    xQueueGenericSendFromISR                 0x08013e25   Thumb Code   234  queue.o(i.xQueueGenericSendFromISR)
    xTaskCheckForTimeOut                     0x08013f35   Thumb Code   116  tasks.o(i.xTaskCheckForTimeOut)
    xTaskCreate                              0x08013fd5   Thumb Code    96  tasks.o(i.xTaskCreate)
    xTaskGetSchedulerState                   0x08014035   Thumb Code    24  tasks.o(i.xTaskGetSchedulerState)
    xTaskGetTickCount                        0x08014055   Thumb Code     6  tasks.o(i.xTaskGetTickCount)
    xTaskGetTickCountFromISR                 0x08014061   Thumb Code    16  tasks.o(i.xTaskGetTickCountFromISR)
    xTaskIncrementTick                       0x08014075   Thumb Code   272  tasks.o(i.xTaskIncrementTick)
    xTaskPriorityDisinherit                  0x080141d5   Thumb Code   168  tasks.o(i.xTaskPriorityDisinherit)
    xTaskRemoveFromEventList                 0x080142ad   Thumb Code   118  tasks.o(i.xTaskRemoveFromEventList)
    xTaskResumeAll                           0x08014361   Thumb Code   214  tasks.o(i.xTaskResumeAll)
    xTimerCreateTimerTask                    0x08014481   Thumb Code    56  timers.o(i.xTimerCreateTimerTask)
    xTimerGenericCommand                     0x080144f5   Thumb Code   118  timers.o(i.xTimerGenericCommand)
    __aeabi_dneg                             0x08014599   Thumb Code     0  basic.o(x$fpl$basic)
    _dneg                                    0x08014599   Thumb Code     6  basic.o(x$fpl$basic)
    __aeabi_fneg                             0x0801459f   Thumb Code     0  basic.o(x$fpl$basic)
    _fneg                                    0x0801459f   Thumb Code     6  basic.o(x$fpl$basic)
    _dabs                                    0x080145a5   Thumb Code     6  basic.o(x$fpl$basic)
    _fabs                                    0x080145ab   Thumb Code     6  basic.o(x$fpl$basic)
    __aeabi_d2f                              0x080145b1   Thumb Code     0  d2f.o(x$fpl$d2f)
    _d2f                                     0x080145b1   Thumb Code    98  d2f.o(x$fpl$d2f)
    __aeabi_dadd                             0x08014615   Thumb Code     0  daddsub_clz.o(x$fpl$dadd)
    _dadd                                    0x08014615   Thumb Code   332  daddsub_clz.o(x$fpl$dadd)
    __fpl_dcheck_NaN1                        0x08014765   Thumb Code    10  dcheck1.o(x$fpl$dcheck1)
    __fpl_dcmp_Inf                           0x08014775   Thumb Code    24  dcmpi.o(x$fpl$dcmpinf)
    __aeabi_ddiv                             0x0801478d   Thumb Code     0  ddiv.o(x$fpl$ddiv)
    _ddiv                                    0x0801478d   Thumb Code   552  ddiv.o(x$fpl$ddiv)
    __aeabi_d2iz                             0x08014a3d   Thumb Code     0  dfix.o(x$fpl$dfix)
    _dfix                                    0x08014a3d   Thumb Code    94  dfix.o(x$fpl$dfix)
    __aeabi_d2uiz                            0x08014a9d   Thumb Code     0  dfixu.o(x$fpl$dfixu)
    _dfixu                                   0x08014a9d   Thumb Code    90  dfixu.o(x$fpl$dfixu)
    __aeabi_i2d                              0x08014af7   Thumb Code     0  dflt_clz.o(x$fpl$dflt)
    _dflt                                    0x08014af7   Thumb Code    46  dflt_clz.o(x$fpl$dflt)
    __aeabi_ui2d                             0x08014b25   Thumb Code     0  dflt_clz.o(x$fpl$dfltu)
    _dfltu                                   0x08014b25   Thumb Code    38  dflt_clz.o(x$fpl$dfltu)
    __aeabi_cdcmple                          0x08014b4d   Thumb Code     0  dleqf.o(x$fpl$dleqf)
    _dcmple                                  0x08014b4d   Thumb Code   120  dleqf.o(x$fpl$dleqf)
    __fpl_dcmple_InfNaN                      0x08014baf   Thumb Code     0  dleqf.o(x$fpl$dleqf)
    __aeabi_dmul                             0x08014bc5   Thumb Code     0  dmul.o(x$fpl$dmul)
    _dmul                                    0x08014bc5   Thumb Code   332  dmul.o(x$fpl$dmul)
    __fpl_dnaninf                            0x08014d19   Thumb Code   156  dnaninf.o(x$fpl$dnaninf)
    __fpl_dretinf                            0x08014db5   Thumb Code    12  dretinf.o(x$fpl$dretinf)
    __aeabi_cdrcmple                         0x08014dc1   Thumb Code     0  drleqf.o(x$fpl$drleqf)
    _drcmple                                 0x08014dc1   Thumb Code   108  drleqf.o(x$fpl$drleqf)
    __aeabi_drsub                            0x08014e2d   Thumb Code     0  daddsub_clz.o(x$fpl$drsb)
    _drsb                                    0x08014e2d   Thumb Code    22  daddsub_clz.o(x$fpl$drsb)
    _dsqrt                                   0x08014e45   Thumb Code   404  dsqrt_umaal.o(x$fpl$dsqrt)
    __aeabi_dsub                             0x08014fdd   Thumb Code     0  daddsub_clz.o(x$fpl$dsub)
    _dsub                                    0x08014fdd   Thumb Code   464  daddsub_clz.o(x$fpl$dsub)
    __aeabi_f2d                              0x080151b1   Thumb Code     0  f2d.o(x$fpl$f2d)
    _f2d                                     0x080151b1   Thumb Code    86  f2d.o(x$fpl$f2d)
    __fpl_fnaninf                            0x08015207   Thumb Code   140  fnaninf.o(x$fpl$fnaninf)
    _fp_init                                 0x08015293   Thumb Code    10  fpinit.o(x$fpl$fpinit)
    __fplib_config_fpu_vfp                   0x0801529b   Thumb Code     0  fpinit.o(x$fpl$fpinit)
    __fplib_config_pureend_doubles           0x0801529b   Thumb Code     0  fpinit.o(x$fpl$fpinit)
    __fpl_fretinf                            0x0801529d   Thumb Code    10  fretinf.o(x$fpl$fretinf)
    __fpl_return_NaN                         0x080152a7   Thumb Code   100  retnan.o(x$fpl$retnan)
    __ARM_scalbn                             0x0801530b   Thumb Code    92  scalbn.o(x$fpl$scalbn)
    __fpl_cmpreturn                          0x08015367   Thumb Code    48  trapv.o(x$fpl$trapveneer)
    __I$use$fp                               0x08015396   Number         0  usenofp.o(x$fpl$usenofp)
    __mathlib_zero                           0x08015758   Data           8  qnan.o(.constdata)
    Region$$Table$$Base                      0x08015870   Number         0  anon$$obj.o(Region$$Table)
    Region$$Table$$Limit                     0x08015890   Number         0  anon$$obj.o(Region$$Table)
    StartTask_Handler                        0x20000000   Data           4  main.o(.data)
    SystemMonitorTask_Handler                0x20000004   Data           4  main.o(.data)
    IMU_DataDealTask_Handler                 0x20000008   Data           4  main.o(.data)
    IMUSampleTask_Handler                    0x2000000c   Data           4  main.o(.data)
    Stabilizer_Task_Handler                  0x20000010   Data           4  main.o(.data)
    RemoterTaskTask_Handler                  0x20000014   Data           4  main.o(.data)
    AutoflyTask_Handler                      0x20000018   Data           4  main.o(.data)
    SendTask_Handler                         0x2000001c   Data           4  main.o(.data)
    g_stack_overflow_marker                  0x20000020   Data           4  main.o(.data)
    g_stack_overflow_task_crc                0x20000024   Data           4  main.o(.data)
    __stdout                                 0x20000028   Data           4  retarget.o(.data)
    cnt_h                                    0x20000038   Data           1  stabilizertask.o(.data)
    cnt_loc                                  0x20000039   Data           1  stabilizertask.o(.data)
    cnt_locs                                 0x2000003a   Data           1  stabilizertask.o(.data)
    cnt_yaw                                  0x2000003b   Data           1  stabilizertask.o(.data)
    Throttle_out                             0x2000003c   Data           4  stabilizertask.o(.data)
    u_gyrox                                  0x20000040   Data           4  stabilizertask.o(.data)
    u_gyroy                                  0x20000044   Data           4  stabilizertask.o(.data)
    u_gyroz                                  0x20000048   Data           4  stabilizertask.o(.data)
    Throttle_th                              0x2000004c   Data           2  stabilizertask.o(.data)
    Cos_Yaw_01                               0x20000050   Data           4  stabilizertask.o(.data)
    Sin_Yaw_01                               0x20000054   Data           4  stabilizertask.o(.data)
    g_of_hold_active                         0x20000058   Data           1  stabilizertask.o(.data)
    Sin_roll_01                              0x2000005c   Data           4  stabilizertask.o(.data)
    Cos_roll_01                              0x20000060   Data           4  stabilizertask.o(.data)
    Sin_pitch_01                             0x20000064   Data           4  stabilizertask.o(.data)
    Cos_pitch_01                             0x20000068   Data           4  stabilizertask.o(.data)
    g_of_bias_mode                           0x20000070   Data           1  stabilizertask.o(.data)
    g_of_bias_ema_freeze                     0x20000071   Data           1  stabilizertask.o(.data)
    s_of_bias_x                              0x20000074   Data           4  stabilizertask.o(.data)
    s_of_bias_y                              0x20000078   Data           4  stabilizertask.o(.data)
    g_of_bias_capture_req                    0x2000007e   Data           1  stabilizertask.o(.data)
    g_cal_health                             0x20000080   Data           2  stabilizertask.o(.data)
    des_pitch                                0x20000084   Data           4  stabilizertask.o(.data)
    des_roll                                 0x20000088   Data           4  stabilizertask.o(.data)
    voltage                                  0x2000008c   Data           4  stabilizertask.o(.data)
    real_voltage                             0x20000090   Data           4  stabilizertask.o(.data)
    adc_value                                0x20000094   Data           2  stabilizertask.o(.data)
    Clear_IT                                 0x200000b8   Data           2  stm32f4xx_it.o(.data)
    data_to_float                            0x200000bc   Data           4  stm32f4xx_it.o(.data)
    U4_RX_Data                               0x200000c0   Data           4  stm32f4xx_it.o(.data)
    x_pos                                    0x200000c4   Data           4  stm32f4xx_it.o(.data)
    y_pos                                    0x200000c8   Data           4  stm32f4xx_it.o(.data)
    z_pos                                    0x200000cc   Data           4  stm32f4xx_it.o(.data)
    des_x                                    0x200000d0   Data           4  stm32f4xx_it.o(.data)
    des_y                                    0x200000d4   Data           4  stm32f4xx_it.o(.data)
    des_z                                    0x200000d8   Data           4  stm32f4xx_it.o(.data)
    x_test                                   0x200000dc   Data           4  autoflytask.o(.data)
    y_test                                   0x200000e0   Data           4  autoflytask.o(.data)
    yaw_test                                 0x200000e4   Data           4  autoflytask.o(.data)
    CurrentSDKState                          0x200000e8   Data           4  autoflytask.o(.data)
    SDKStateMAX                              0x200000ec   Data           4  autoflytask.o(.data)
    KeyPressedTimeMS                         0x200000f0   Data           4  autoflytask.o(.data)
    KeySDKflag                               0x200000f4   Data           1  autoflytask.o(.data)
    SDK_StateChangeFlag                      0x200000f5   Data           1  autoflytask.o(.data)
    SDK_DelayWakeFlag                        0x200000f6   Data           1  autoflytask.o(.data)
    SDKLandFlag                              0x200000f7   Data           1  autoflytask.o(.data)
    temp_V_x                                 0x200000f8   Data           4  autoflytask.o(.data)
    temp_V_y                                 0x200000fc   Data           4  autoflytask.o(.data)
    temp_Gyroz                               0x20000100   Data           4  autoflytask.o(.data)
    temp_V_h                                 0x20000104   Data           4  autoflytask.o(.data)
    temp_Yaw                                 0x20000108   Data           4  autoflytask.o(.data)
    take_off_flag                            0x2000010c   Data           4  autoflytask.o(.data)
    SearchLand_down_cnt                      0x20000110   Data           4  autoflytask.o(.data)
    gyro_x                                   0x20000154   Data          20  bmi088_driver.o(.data)
    gyro_y                                   0x20000168   Data          20  bmi088_driver.o(.data)
    gyro_z                                   0x2000017c   Data          20  bmi088_driver.o(.data)
    acc_x                                    0x20000190   Data          20  bmi088_driver.o(.data)
    acc_y                                    0x200001a4   Data          20  bmi088_driver.o(.data)
    acc_z                                    0x200001b8   Data          20  bmi088_driver.o(.data)
    Cali_Cnt                                 0x200001cc   Data           2  bmi088_driver.o(.data)
    Cali_Cnt_ACC                             0x200001ce   Data           2  bmi088_driver.o(.data)
    Real_Temp                                0x200001d0   Data           2  bmi088_driver.o(.data)
    Acc_X_Ori                                0x200001d4   Data           4  bmi088_driver.o(.data)
    Acc_Y_Ori                                0x200001d8   Data           4  bmi088_driver.o(.data)
    Acc_Z_Ori                                0x200001dc   Data           4  bmi088_driver.o(.data)
    Gyro_X_Ori                               0x200001e0   Data           4  bmi088_driver.o(.data)
    Gyro_Y_Ori                               0x200001e4   Data           4  bmi088_driver.o(.data)
    Gyro_Z_Ori                               0x200001e8   Data           4  bmi088_driver.o(.data)
    Acc_X_Real                               0x200001ec   Data           4  bmi088_driver.o(.data)
    Acc_Y_Real                               0x200001f0   Data           4  bmi088_driver.o(.data)
    Acc_Z_Real                               0x200001f4   Data           4  bmi088_driver.o(.data)
    Gyro_X_Real                              0x200001f8   Data           4  bmi088_driver.o(.data)
    Gyro_Y_Real                              0x200001fc   Data           4  bmi088_driver.o(.data)
    Gyro_Z_Real                              0x20000200   Data           4  bmi088_driver.o(.data)
    Acc_X_Offset                             0x20000204   Data           4  bmi088_driver.o(.data)
    Acc_Y_Offset                             0x20000208   Data           4  bmi088_driver.o(.data)
    Acc_Z_Offset                             0x2000020c   Data           4  bmi088_driver.o(.data)
    Gyro_X_Offset                            0x20000210   Data           4  bmi088_driver.o(.data)
    Gyro_Y_Offset                            0x20000214   Data           4  bmi088_driver.o(.data)
    Gyro_Z_Offset                            0x20000218   Data           4  bmi088_driver.o(.data)
    Const_offset                             0x2000021c   Data           4  bmi088_driver.o(.data)
    flag_offset                              0x20000220   Data           4  bmi088_driver.o(.data)
    SEE                                      0x20000224   Data           4  bmi088_driver.o(.data)
    Acc_Range_Coe                            0x20000228   Data           4  bmi088_driver.o(.data)
    Acc_ID                                   0x2000022c   Data           1  bmi088_driver.o(.data)
    Gyro_ID                                  0x2000022d   Data           1  bmi088_driver.o(.data)
    GetStill                                 0x20000230   Data           4  bmi088_driver.o(.data)
    gyro_flag                                0x20000234   Data           4  bmi088_driver.o(.data)
    acc_flag                                 0x20000238   Data           4  bmi088_driver.o(.data)
    G_Cal                                    0x2000023c   Data           4  bmi088_driver.o(.data)
    Warning                                  0x20000240   Data           1  bmi088_driver.o(.data)
    Gyro_X_Lpf                               0x20000244   Data          20  bmi088_driver.o(.data)
    Gyro_Y_Lpf                               0x20000258   Data          20  bmi088_driver.o(.data)
    Gyro_Z_Lpf                               0x2000026c   Data          20  bmi088_driver.o(.data)
    ORI_Gyrox                                0x20000280   Data           4  bmi088_driver.o(.data)
    ORI_Gyroy                                0x20000284   Data           4  bmi088_driver.o(.data)
    ORI_Gyroz                                0x20000288   Data           4  bmi088_driver.o(.data)
    ORI_Accx                                 0x2000028c   Data           4  bmi088_driver.o(.data)
    ORI_Accy                                 0x20000290   Data           4  bmi088_driver.o(.data)
    ORI_Accz                                 0x20000294   Data           4  bmi088_driver.o(.data)
    imu_data                                 0x20000298   Data         108  imu_update.o(.data)
    Kp                                       0x20000304   Data           4  imu_update.o(.data)
    Ki                                       0x20000308   Data           4  imu_update.o(.data)
    exInt                                    0x2000030c   Data           4  imu_update.o(.data)
    eyInt                                    0x20000310   Data           4  imu_update.o(.data)
    ezInt                                    0x20000314   Data           4  imu_update.o(.data)
    g_imu_settle_metric                      0x20000324   Data           4  imu_update.o(.data)
    g_estimator_ready                        0x20000328   Data           1  imu_update.o(.data)
    Lin_Acc_X_body                           0x2000033c   Data           4  imu_update.o(.data)
    Lin_Acc_Y_body                           0x20000340   Data           4  imu_update.o(.data)
    Lin_Acc_Z_body                           0x20000344   Data           4  imu_update.o(.data)
    Gravity_Body_X                           0x20000348   Data           4  imu_update.o(.data)
    Gravity_Body_Y                           0x2000034c   Data           4  imu_update.o(.data)
    Gravity_Body_Z                           0x20000350   Data           4  imu_update.o(.data)
    Ctrler                                   0x20000368   Data        1120  pid.o(.data)
    g_telemetry_mode                         0x2000080a   Data           1  subscribe.o(.data)
    flight_phase                             0x20000821   Data           1  flight_fsm.o(.data)
    mymotor                                  0x20000826   Data           8  pwm.o(.data)
    UART4_Rcr                                0x20000830   Data          28  usart4.o(.data)
    gs_cmd_head                              0x2000084c   Data           1  usart4.o(.data)
    gs_cmd_tail                              0x2000084d   Data           1  usart4.o(.data)
    gs_cmd_drop_count                        0x20000850   Data           4  usart4.o(.data)
    UA5RxSubscribeLen                        0x20000854   Data           2  usart5.o(.data)
    UA5RxSubscribePending                    0x20000856   Data           1  usart5.o(.data)
    Subscribe_RxTransport                    0x20000857   Data           1  usart5.o(.data)
    UART5_Rcr                                0x20000858   Data          28  usart5.o(.data)
    USART3_Rcr                               0x20000874   Data          28  usart3.o(.data)
    UA3RxFrameCnt                            0x20000890   Data           4  usart3.o(.data)
    UA3RxLastLen                             0x20000894   Data           2  usart3.o(.data)
    UA3TxFrames                              0x200008a0   Data           4  usart3.o(.data)
    UA3TxDrops                               0x200008a4   Data           4  usart3.o(.data)
    UA3TxPeak                                0x200008a8   Data           2  usart3.o(.data)
    sbus_lost                                0x200008ac   Data           1  global_declare.o(.data)
    sbus_last_valid_tick                     0x200008b0   Data           4  global_declare.o(.data)
    bench_mode_active                        0x200008b4   Data           1  global_declare.o(.data)
    motor_test_active                        0x200008b5   Data           1  global_declare.o(.data)
    motor_test_id                            0x200008b6   Data           1  global_declare.o(.data)
    motor_test_ccr                           0x200008b8   Data           2  global_declare.o(.data)
    motor_test_watchdog                      0x200008bc   Data           4  global_declare.o(.data)
    gs_max_horizontal_speed_mps              0x200008c0   Data           4  global_declare.o(.data)
    gs_max_vertical_speed_mps                0x200008c4   Data           4  global_declare.o(.data)
    gs_max_pitch_deg                         0x200008c8   Data           4  global_declare.o(.data)
    gs_max_roll_deg                          0x200008cc   Data           4  global_declare.o(.data)
    gs_throttle_min_pct                      0x200008d0   Data           4  global_declare.o(.data)
    gs_throttle_max_pct                      0x200008d4   Data           4  global_declare.o(.data)
    TWC_arrived                              0x200008d8   Data           1  global_declare.o(.data)
    sbus_flyup_trigger                       0x200008d9   Data           1  global_declare.o(.data)
    sbus_path_trigger                        0x200008da   Data           1  global_declare.o(.data)
    waypoint_spacing                         0x200008dc   Data           4  global_declare.o(.data)
    GS_KeySDKflag                            0x200008e0   Data           1  global_declare.o(.data)
    SystemCoreClock                          0x200008f4   Data           4  system_stm32f4xx.o(.data)
    AHBPrescTable                            0x200008f8   Data          16  system_stm32f4xx.o(.data)
    pxCurrentTCB                             0x20000908   Data           4  tasks.o(.data)
    channel                                  0x20000b7c   Data          16  remotertask.o(.bss)
    TWC                                      0x20000b8c   Data          36  stabilizertask.o(.bss)
    s_ekf_of                                 0x20000bb0   Data         196  stabilizertask.o(.bss)
    s_cal_trim                               0x20000c74   Data          28  stabilizertask.o(.bss)
    s_cal_hot                                0x20000c90   Data          24  stabilizertask.o(.bss)
    SDK_StateMachine                         0x20000ca8   Data         800  autoflytask.o(.bss)
    stm32_to_linux_flag                      0x20001204   Data          32  send_data.o(.bss)
    DataBuf_to_linux                         0x20001260   Data          52  send_data.o(.bss)
    Buf_Telemetry_UART4                      0x20001294   Data         512  send_data.o(.bss)
    Filters                                  0x200014a4   Data         248  bmi088_driver.o(.bss)
    sensor                                   0x2000159c   Data         120  bmi088_driver.o(.bss)
    acc_data                                 0x20001614   Data          28  bmi088_driver.o(.bss)
    Status_offset                            0x20001630   Data       60000  bmi088_driver.o(.bss)
    Num_offset                               0x20010090   Data       20000  bmi088_driver.o(.bss)
    testvalue                                0x20014eb0   Data          12  bmi088_driver.o(.bss)
    mrac_state                               0x20014ebc   Data         464  mrac.o(.bss)
    mrac_flags                               0x2001508c   Data          14  mrac.o(.bss)
    mrac_config_pitch                        0x2001509c   Data         172  mrac.o(.bss)
    mrac_config_roll                         0x20015148   Data         172  mrac.o(.bss)
    mrac_config_yaw                          0x200151f4   Data         172  mrac.o(.bss)
    mrac_config_z                            0x200152a0   Data         172  mrac.o(.bss)
    g_thrust_est                             0x20015724   Data          36  thrust_estimators.o(.bss)
    ano_of                                   0x20016a7c   Data         108  ano_of.o(.bss)
    rpm_dbg_edges                            0x20016ba8   Data          16  rpm.o(.bss)
    rpm_dbg_period_cyc                       0x20016bb8   Data          16  rpm.o(.bss)
    sbus_channel                             0x20016bc8   Data          32  usart1.o(.bss)
    linux_data                               0x20016c04   Data          56  usart4.o(.bss)
    linux_yolo_data                          0x20016c3c   Data         128  usart4.o(.bss)
    UA4RxDMAbuf                              0x20016cbc   Data         128  usart4.o(.bss)
    UA4RxMailbox                             0x20016d3c   Data         128  usart4.o(.bss)
    gs_cmd_queue                             0x20016dbc   Data         128  usart4.o(.bss)
    UA5RxDMAbuf                              0x20016e3c   Data         256  usart5.o(.bss)
    UA5RxMailbox                             0x20016f3c   Data         256  usart5.o(.bss)
    UA5RxSubscribeBuf                        0x2001703c   Data         256  usart5.o(.bss)
    UA3RxDMAbuf                              0x2001713c   Data         256  usart3.o(.bss)
    UA3RxMailbox                             0x2001723c   Data         256  usart3.o(.bss)
    Custom_DataBuf                           0x2001733c   Data          68  usart3.o(.bss)
    system_monitor                           0x20018380   Data          56  global_declare.o(.bss)
    Remoter                                  0x200183b8   Data          14  global_declare.o(.bss)
    DroneStatus                              0x200183c8   Data          12  global_declare.o(.bss)
    StickMotion                              0x200183d4   Data          32  global_declare.o(.bss)
    sinusoid_path                            0x200183f4   Data          32  global_declare.o(.bss)
    circle_path                              0x20018414   Data          36  global_declare.o(.bss)
    figure8_path                             0x20018438   Data          36  global_declare.o(.bss)
    xQueueRegistry                           0x2001845c   Data          64  queue.o(.bss)
    __libspace_start                         0x2001d7a8   Data          96  libspace.o(.bss)
    __temporary_stack_top$libspace           0x2001d808   Data           0  libspace.o(.bss)



==============================================================================

Memory Map of the image

  Image Entry point : 0x08000189

  Load Region LR_IROM1 (Base: 0x08000000, Size: 0x0001620c, Max: 0x00100000, ABSOLUTE, COMPRESSED[0x00015a4c])

    Execution Region ER_IROM1 (Base: 0x08000000, Size: 0x00015890, Max: 0x00100000, ABSOLUTE)

    Base Addr    Size         Type   Attr      Idx    E Section Name        Object

    0x08000000   0x00000188   Data   RO         7445    RESET               startup_stm32f40_41xxx.o
    0x08000188   0x00000008   Code   RO         8589  * !!!main             c_w.l(__main.o)
    0x08000190   0x00000034   Code   RO         9063    !!!scatter          c_w.l(__scatter.o)
    0x080001c4   0x0000005a   Code   RO         9061    !!dczerorl2         c_w.l(__dczerorl2.o)
    0x0800021e   0x00000002   PAD
    0x08000220   0x0000001c   Code   RO         9065    !!handler_zi        c_w.l(__scatter_zi.o)
    0x0800023c   0x00000000   Code   RO         8576    .ARM.Collect$$_printf_percent$$00000000  c_w.l(_printf_percent.o)
    0x0800023c   0x00000006   Code   RO         8574    .ARM.Collect$$_printf_percent$$00000009  c_w.l(_printf_d.o)
    0x08000242   0x00000006   Code   RO         8573    .ARM.Collect$$_printf_percent$$00000014  c_w.l(_printf_s.o)
    0x08000248   0x00000004   Code   RO         8808    .ARM.Collect$$_printf_percent$$00000017  c_w.l(_printf_percent_end.o)
    0x0800024c   0x00000002   Code   RO         8934    .ARM.Collect$$libinit$$00000000  c_w.l(libinit.o)
    0x0800024e   0x00000004   Code   RO         8945    .ARM.Collect$$libinit$$00000001  c_w.l(libinit2.o)
    0x08000252   0x00000000   Code   RO         8948    .ARM.Collect$$libinit$$00000004  c_w.l(libinit2.o)
    0x08000252   0x00000000   Code   RO         8951    .ARM.Collect$$libinit$$0000000A  c_w.l(libinit2.o)
    0x08000252   0x00000000   Code   RO         8953    .ARM.Collect$$libinit$$0000000C  c_w.l(libinit2.o)
    0x08000252   0x00000000   Code   RO         8955    .ARM.Collect$$libinit$$0000000E  c_w.l(libinit2.o)
    0x08000252   0x00000000   Code   RO         8958    .ARM.Collect$$libinit$$00000011  c_w.l(libinit2.o)
    0x08000252   0x00000000   Code   RO         8960    .ARM.Collect$$libinit$$00000013  c_w.l(libinit2.o)
    0x08000252   0x00000000   Code   RO         8962    .ARM.Collect$$libinit$$00000015  c_w.l(libinit2.o)
    0x08000252   0x00000000   Code   RO         8964    .ARM.Collect$$libinit$$00000017  c_w.l(libinit2.o)
    0x08000252   0x00000000   Code   RO         8966    .ARM.Collect$$libinit$$00000019  c_w.l(libinit2.o)
    0x08000252   0x00000000   Code   RO         8968    .ARM.Collect$$libinit$$0000001B  c_w.l(libinit2.o)
    0x08000252   0x00000000   Code   RO         8970    .ARM.Collect$$libinit$$0000001D  c_w.l(libinit2.o)
    0x08000252   0x00000000   Code   RO         8972    .ARM.Collect$$libinit$$0000001F  c_w.l(libinit2.o)
    0x08000252   0x00000000   Code   RO         8974    .ARM.Collect$$libinit$$00000021  c_w.l(libinit2.o)
    0x08000252   0x00000000   Code   RO         8976    .ARM.Collect$$libinit$$00000023  c_w.l(libinit2.o)
    0x08000252   0x00000000   Code   RO         8978    .ARM.Collect$$libinit$$00000025  c_w.l(libinit2.o)
    0x08000252   0x00000000   Code   RO         8982    .ARM.Collect$$libinit$$0000002C  c_w.l(libinit2.o)
    0x08000252   0x00000000   Code   RO         8984    .ARM.Collect$$libinit$$0000002E  c_w.l(libinit2.o)
    0x08000252   0x00000000   Code   RO         8986    .ARM.Collect$$libinit$$00000030  c_w.l(libinit2.o)
    0x08000252   0x00000000   Code   RO         8988    .ARM.Collect$$libinit$$00000032  c_w.l(libinit2.o)
    0x08000252   0x00000002   Code   RO         8989    .ARM.Collect$$libinit$$00000033  c_w.l(libinit2.o)
    0x08000254   0x00000002   Code   RO         9017    .ARM.Collect$$libshutdown$$00000000  c_w.l(libshutdown.o)
    0x08000256   0x00000000   Code   RO         9044    .ARM.Collect$$libshutdown$$00000002  c_w.l(libshutdown2.o)
    0x08000256   0x00000000   Code   RO         9046    .ARM.Collect$$libshutdown$$00000004  c_w.l(libshutdown2.o)
    0x08000256   0x00000000   Code   RO         9049    .ARM.Collect$$libshutdown$$00000007  c_w.l(libshutdown2.o)
    0x08000256   0x00000000   Code   RO         9052    .ARM.Collect$$libshutdown$$0000000A  c_w.l(libshutdown2.o)
    0x08000256   0x00000000   Code   RO         9054    .ARM.Collect$$libshutdown$$0000000C  c_w.l(libshutdown2.o)
    0x08000256   0x00000000   Code   RO         9057    .ARM.Collect$$libshutdown$$0000000F  c_w.l(libshutdown2.o)
    0x08000256   0x00000002   Code   RO         9058    .ARM.Collect$$libshutdown$$00000010  c_w.l(libshutdown2.o)
    0x08000258   0x00000000   Code   RO         8791    .ARM.Collect$$rtentry$$00000000  c_w.l(__rtentry.o)
    0x08000258   0x00000000   Code   RO         8887    .ARM.Collect$$rtentry$$00000002  c_w.l(__rtentry2.o)
    0x08000258   0x00000006   Code   RO         8899    .ARM.Collect$$rtentry$$00000004  c_w.l(__rtentry4.o)
    0x0800025e   0x00000000   Code   RO         8889    .ARM.Collect$$rtentry$$00000009  c_w.l(__rtentry2.o)
    0x0800025e   0x00000004   Code   RO         8890    .ARM.Collect$$rtentry$$0000000A  c_w.l(__rtentry2.o)
    0x08000262   0x00000000   Code   RO         8892    .ARM.Collect$$rtentry$$0000000C  c_w.l(__rtentry2.o)
    0x08000262   0x00000008   Code   RO         8893    .ARM.Collect$$rtentry$$0000000D  c_w.l(__rtentry2.o)
    0x0800026a   0x00000002   Code   RO         8937    .ARM.Collect$$rtexit$$00000000  c_w.l(rtexit.o)
    0x0800026c   0x00000000   Code   RO         8993    .ARM.Collect$$rtexit$$00000002  c_w.l(rtexit2.o)
    0x0800026c   0x00000004   Code   RO         8994    .ARM.Collect$$rtexit$$00000003  c_w.l(rtexit2.o)
    0x08000270   0x00000006   Code   RO         8995    .ARM.Collect$$rtexit$$00000004  c_w.l(rtexit2.o)
    0x08000276   0x00000002   PAD
    0x08000278   0x000000b6   Code   RO         8392    .emb_text           port.o
    0x0800032e   0x00000002   PAD
    0x08000330   0x00000040   Code   RO         7446    .text               startup_stm32f40_41xxx.o
    0x08000370   0x00000002   Code   RO         8534    .text               c_w.l(use_no_semi_2.o)
    0x08000372   0x000000ee   Code   RO         8536    .text               c_w.l(lludivv7m.o)
    0x08000460   0x00000018   Code   RO         8542    .text               c_w.l(noretval__2printf.o)
    0x08000478   0x00000068   Code   RO         8546    .text               c_w.l(__printf.o)
    0x080004e0   0x00000052   Code   RO         8548    .text               c_w.l(_printf_str.o)
    0x08000532   0x00000002   PAD
    0x08000534   0x00000078   Code   RO         8550    .text               c_w.l(_printf_dec.o)
    0x080005ac   0x0000008a   Code   RO         8581    .text               c_w.l(rt_memcpy_v6.o)
    0x08000636   0x00000064   Code   RO         8583    .text               c_w.l(rt_memcpy_w.o)
    0x0800069a   0x00000010   Code   RO         8585    .text               c_w.l(aeabi_memset.o)
    0x080006aa   0x00000006   Code   RO         8587    .text               c_w.l(heapauxi.o)
    0x080006b0   0x00000002   Code   RO         8789    .text               c_w.l(use_no_semi.o)
    0x080006b2   0x00000016   Code   RO         8796    .text               c_w.l(_rserrno.o)
    0x080006c8   0x000000b2   Code   RO         8798    .text               c_w.l(_printf_intcommon.o)
    0x0800077a   0x00000002   PAD
    0x0800077c   0x00000030   Code   RO         8800    .text               c_w.l(_printf_char_common.o)
    0x080007ac   0x0000002c   Code   RO         8804    .text               c_w.l(_printf_char.o)
    0x080007d8   0x00000024   Code   RO         8806    .text               c_w.l(_printf_char_file.o)
    0x080007fc   0x00000044   Code   RO         8809    .text               c_w.l(rt_memclr.o)
    0x08000840   0x00000008   Code   RO         8906    .text               c_w.l(rt_errno_addr_intlibspace.o)
    0x08000848   0x00000008   Code   RO         8910    .text               c_w.l(ferror.o)
    0x08000850   0x0000004e   Code   RO         8914    .text               c_w.l(rt_memclr_w.o)
    0x0800089e   0x00000002   PAD
    0x080008a0   0x00000008   Code   RO         8918    .text               c_w.l(libspace.o)
    0x080008a8   0x0000004a   Code   RO         8921    .text               c_w.l(sys_stackheap_outer.o)
    0x080008f2   0x00000012   Code   RO         8923    .text               c_w.l(exit.o)
    0x08000904   0x00000084   Code   RO         2149    i.ADC1_Configuration  adc.o
    0x08000988   0x00000006   Code   RO         2726    i.ADC_ClearFlag     stm32f4xx_adc.o
    0x0800098e   0x00000016   Code   RO         2728    i.ADC_Cmd           stm32f4xx_adc.o
    0x080009a4   0x00000030   Code   RO         2729    i.ADC_CommonInit    stm32f4xx_adc.o
    0x080009d4   0x0000000c   Code   RO         2730    i.ADC_CommonStructInit  stm32f4xx_adc.o
    0x080009e0   0x00000008   Code   RO         2740    i.ADC_GetConversionValue  stm32f4xx_adc.o
    0x080009e8   0x00000012   Code   RO         2741    i.ADC_GetFlagStatus  stm32f4xx_adc.o
    0x080009fa   0x00000002   PAD
    0x080009fc   0x00000054   Code   RO         2748    i.ADC_Init          stm32f4xx_adc.o
    0x08000a50   0x0000003c   Code   RO         2150    i.ADC_Read          adc.o
    0x08000a8c   0x000000b8   Code   RO         2753    i.ADC_RegularChannelConfig  stm32f4xx_adc.o
    0x08000b44   0x0000000a   Code   RO         2755    i.ADC_SoftwareStartConv  stm32f4xx_adc.o
    0x08000b4e   0x00000014   Code   RO         2757    i.ADC_StructInit    stm32f4xx_adc.o
    0x08000b62   0x00000002   PAD
    0x08000b64   0x00000188   Code   RO         1964    i.AnoOF_DataAnl     ano_of.o
    0x08000cec   0x00000118   Code   RO         1965    i.AnoOF_GetOneByte  ano_of.o
    0x08000e04   0x0000009c   Code   RO          852    i.AutoflyTask       autoflytask.o
    0x08000ea0   0x00000138   Code   RO          853    i.AutoflyTask_CommitRef  autoflytask.o
    0x08000fd8   0x00000088   Code   RO          854    i.AutoflyTask_PathArbitrate  autoflytask.o
    0x08001060   0x000000fc   Code   RO          855    i.AutoflyTask_RunCircle  autoflytask.o
    0x0800115c   0x0000015c   Code   RO          856    i.AutoflyTask_RunFigure8  autoflytask.o
    0x080012b8   0x00000128   Code   RO          857    i.AutoflyTask_RunSinusoid  autoflytask.o
    0x080013e0   0x00000020   Code   RO          858    i.AutoflyTask_WaypointReset  autoflytask.o
    0x08001400   0x00000028   Code   RO            3    i.Autofly_Task      main.o
    0x08001428   0x00000040   Code   RO          500    i.BEEP_Init         led.o
    0x08001468   0x00000038   Code   RO         1010    i.BMI088_Read_Acc_Data  bmi088_driver.o
    0x080014a0   0x00000030   Code   RO         1011    i.BMI088_Read_Gyro_Data  bmi088_driver.o
    0x080014d0   0x0000002c   Code   RO         1012    i.BMI088_Write_Acc_Data  bmi088_driver.o
    0x080014fc   0x0000002c   Code   RO         1013    i.BMI088_Write_Gyro_Data  bmi088_driver.o
    0x08001528   0x0000008c   Code   RO         2184    i.BSP_Init          bsp.o
    0x080015b4   0x00000006   Code   RO          402    i.BusFault_Handler  fault_capture.o
    0x080015ba   0x00000002   PAD
    0x080015bc   0x0000007c   Code   RO         1014    i.Butterworth30HzLPF  bmi088_driver.o
    0x08001638   0x000000a4   Code   RO         1015    i.Butterworth50HzLPF  bmi088_driver.o
    0x080016dc   0x0000002c   Code   RO         1623    i.CalHot_Init       calib.o
    0x08001708   0x000001d4   Code   RO         1624    i.CalHot_Step       calib.o
    0x080018dc   0x00000034   Code   RO         1625    i.CalTrim_Init      calib.o
    0x08001910   0x000000f8   Code   RO         1626    i.CalTrim_Step      calib.o
    0x08001a08   0x000000f8   Code   RO          529    i.Check_Fly_Mode    remotertask.o
    0x08001b00   0x00000238   Code   RO          530    i.Check_Stick_Motion  remotertask.o
    0x08001d38   0x00000084   Code   RO         1207    i.Clear_Structure   pid.o
    0x08001dbc   0x00000682   Code   RO         1208    i.ComputePID        pid.o
    0x0800243e   0x00000002   PAD
    0x08002440   0x00000264   Code   RO         1211    i.ComputeYawPID     pid.o
    0x080026a4   0x000005b8   Code   RO          578    i.Compute_Motor     stabilizertask.o
    0x08002c5c   0x0000002a   Code   RO          579    i.Constrain_Float   stabilizertask.o
    0x08002c86   0x00000030   Code   RO         1662    i.CopyStr           subscribe.o
    0x08002cb6   0x00000044   Code   RO         1663    i.Crc16Ccitt        subscribe.o
    0x08002cfa   0x00000008   Code   RO          717    i.DMA1_Stream3_IRQHandler  stm32f4xx_it.o
    0x08002d02   0x00000002   PAD
    0x08002d04   0x0000002c   Code   RO          718    i.DMA1_Stream6_IRQHandler  stm32f4xx_it.o
    0x08002d30   0x00000028   Code   RO          719    i.DMA1_Stream7_IRQHandler  stm32f4xx_it.o
    0x08002d58   0x00000034   Code   RO         3665    i.DMA_ClearFlag     stm32f4xx_dma.o
    0x08002d8c   0x00000034   Code   RO         3666    i.DMA_ClearITPendingBit  stm32f4xx_dma.o
    0x08002dc0   0x00000016   Code   RO         3667    i.DMA_Cmd           stm32f4xx_dma.o
    0x08002dd6   0x00000002   PAD
    0x08002dd8   0x00000158   Code   RO         3668    i.DMA_DeInit        stm32f4xx_dma.o
    0x08002f30   0x00000014   Code   RO         3672    i.DMA_GetCmdStatus  stm32f4xx_dma.o
    0x08002f44   0x00000008   Code   RO         3673    i.DMA_GetCurrDataCounter  stm32f4xx_dma.o
    0x08002f4c   0x00000064   Code   RO         3677    i.DMA_GetITStatus   stm32f4xx_dma.o
    0x08002fb0   0x0000003a   Code   RO         3678    i.DMA_ITConfig      stm32f4xx_dma.o
    0x08002fea   0x00000002   PAD
    0x08002fec   0x00000058   Code   RO         3679    i.DMA_Init          stm32f4xx_dma.o
    0x08003044   0x000003fc   Code   RO          721    i.Decode_RX_Data_t265  stm32f4xx_it.o
    0x08003440   0x000001e8   Code   RO         2366    i.DrvSbusGetOneByte  usart1.o
    0x08003628   0x00000018   Code   RO          722    i.EXTI0_IRQHandler  stm32f4xx_it.o
    0x08003640   0x00000018   Code   RO          723    i.EXTI1_IRQHandler  stm32f4xx_it.o
    0x08003658   0x0000002c   Code   RO          724    i.EXTI9_5_IRQHandler  stm32f4xx_it.o
    0x08003684   0x0000000c   Code   RO         3925    i.EXTI_ClearITPendingBit  stm32f4xx_exti.o
    0x08003690   0x00000018   Code   RO         3929    i.EXTI_GetITStatus  stm32f4xx_exti.o
    0x080036a8   0x00000094   Code   RO         3930    i.EXTI_Init         stm32f4xx_exti.o
    0x0800373c   0x00000148   Code   RO         1491    i.Ekf9_Init         ekf.o
    0x08003884   0x0000021c   Code   RO         1492    i.Ekf9_Predict      ekf.o
    0x08003aa0   0x0000004a   Code   RO         1494    i.Ekf9_UpdateOf     ekf.o
    0x08003aea   0x00000002   PAD
    0x08003aec   0x000001b4   Code   RO         1495    i.Ekf9_UpdateZRate  ekf.o
    0x08003ca0   0x000000b4   Code   RO         1542    i.EkfOf_Init        ekf_of.o
    0x08003d54   0x00000156   Code   RO         1543    i.EkfOf_Predict     ekf_of.o
    0x08003eaa   0x00000002   PAD
    0x08003eac   0x00000020   Code   RO         1544    i.EkfOf_ResetPos    ekf_of.o
    0x08003ecc   0x00000044   Code   RO         1545    i.EkfOf_Update      ekf_of.o
    0x08003f10   0x00000088   Code   RO         3992    i.FLASH_EraseSector  stm32f4xx_flash.o
    0x08003f98   0x00000054   Code   RO         3994    i.FLASH_GetStatus   stm32f4xx_flash.o
    0x08003fec   0x00000014   Code   RO         3998    i.FLASH_Lock        stm32f4xx_flash.o
    0x08004000   0x00000050   Code   RO         4022    i.FLASH_ProgramWord  stm32f4xx_flash.o
    0x08004050   0x00000024   Code   RO         4024    i.FLASH_Unlock      stm32f4xx_flash.o
    0x08004074   0x00000022   Code   RO         4025    i.FLASH_WaitForLastOperation  stm32f4xx_flash.o
    0x08004096   0x00000002   PAD
    0x08004098   0x00000210   Code   RO          403    i.FaultCapture_Record  fault_capture.o
    0x080042a8   0x00000020   Code   RO          404    i.FaultRecord_Init  fault_capture.o
    0x080042c8   0x00000044   Code   RO          405    i.FaultRecord_PanicLoop  fault_capture.o
    0x0800430c   0x00000134   Code   RO          406    i.FaultRecord_Persist  fault_capture.o
    0x08004440   0x000000b8   Code   RO         1882    i.FlightFSM_Event   flight_fsm.o
    0x080044f8   0x00000018   Code   RO         1883    i.FlightFSM_GetState  flight_fsm.o
    0x08004510   0x00000090   Code   RO         4401    i.GPIO_Init         stm32f4xx_gpio.o
    0x080045a0   0x00000046   Code   RO         4402    i.GPIO_PinAFConfig  stm32f4xx_gpio.o
    0x080045e6   0x00000004   Code   RO         4408    i.GPIO_ResetBits    stm32f4xx_gpio.o
    0x080045ea   0x00000004   Code   RO         4409    i.GPIO_SetBits      stm32f4xx_gpio.o
    0x080045ee   0x00000012   Code   RO         4410    i.GPIO_StructInit   stm32f4xx_gpio.o
    0x08004600   0x00000220   Code   RO         1016    i.GetOffset         bmi088_driver.o
    0x08004820   0x0000024c   Code   RO         1017    i.GetValue          bmi088_driver.o
    0x08004a6c   0x0000005c   Code   RO          580    i.Get_Voltage       stabilizertask.o
    0x08004ac8   0x0000003c   Code   RO          944    i.GroundStation_AbortAllPaths  send_data.o
    0x08004b04   0x00000070   Code   RO         1451    i.GyroFilter_Apply  gyro_filter.o
    0x08004b74   0x00000080   Code   RO         1452    i.GyroFilter_Init   gyro_filter.o
    0x08004bf4   0x00000030   Code   RO         1453    i.GyroFilter_SetCutoff  gyro_filter.o
    0x08004c24   0x00000014   Code   RO         1454    i.GyroFilter_SetEnabled  gyro_filter.o
    0x08004c38   0x00000140   Code   RO         1665    i.HandleStreamRequest  subscribe.o
    0x08004d78   0x00000120   Code   RO         2399    i.Handle_UART4_GroundStation_Command  usart4.o
    0x08004e98   0x00000002   Code   RO         2471    i.Handle_UART5_GroundStation_Command  usart5.o
    0x08004e9a   0x00000002   PAD
    0x08004e9c   0x0000001c   Code   RO         2472    i.Handle_USART3_GroundStation_Command  usart5.o
    0x08004eb8   0x00000006   Code   RO          407    i.HardFault_Handler  fault_capture.o
    0x08004ebe   0x00000002   PAD
    0x08004ec0   0x00000028   Code   RO            4    i.IMUSample_Task    main.o
    0x08004ee8   0x00000038   Code   RO            5    i.IMU_DataDeal_Task  main.o
    0x08004f20   0x0000000c   Code   RO         1157    i.IMU_EstimatorReady  imu_update.o
    0x08004f2c   0x000006f0   Code   RO         1158    i.IMU_Update_Mahony  imu_update.o
    0x0800561c   0x00000030   Code   RO         2185    i.IRSensors_Init    bsp.o
    0x0800564c   0x00000088   Code   RO          501    i.LED_Init          led.o
    0x080056d4   0x0000002c   Code   RO         1018    i.Limit_Zero        bmi088_driver.o
    0x08005700   0x00000194   Code   RO         1257    i.MRAC_Control      mrac.o
    0x08005894   0x00000064   Code   RO         1258    i.MRAC_GenerateStructuredBasis  mrac.o
    0x080058f8   0x0000041c   Code   RO         1259    i.MRAC_Init         mrac.o
    0x08005d14   0x00000140   Code   RO         1261    i.MRAC_ProjectGradient  mrac.o
    0x08005e54   0x00000138   Code   RO         1262    i.MRAC_Reset        mrac.o
    0x08005f8c   0x00000444   Code   RO         1263    i.MRAC_UpdateAxis   mrac.o
    0x080063d0   0x00000038   Code   RO         1323    i.MRAC_VectorNormSquare  mrac_math.o
    0x08006408   0x00000006   Code   RO          408    i.MemManage_Handler  fault_capture.o
    0x0800640e   0x00000006   Code   RO          409    i.NMI_Handler       fault_capture.o
    0x08006414   0x00000078   Code   RO         2678    i.NVIC_Init         misc.o
    0x0800648c   0x00000014   Code   RO         2679    i.NVIC_PriorityGroupConfig  misc.o
    0x080064a0   0x0000013c   Code   RO         2214    i.PWM_TIM3_Init     pwm.o
    0x080065dc   0x000000f4   Code   RO         2215    i.PWM_TIM4_Init     pwm.o
    0x080066d0   0x00000056   Code   RO         2473    i.ParseGsCommandFrames  usart5.o
    0x08006726   0x00000002   PAD
    0x08006728   0x00000b0c   Code   RO          945    i.Process_GroundStation_Command  send_data.o
    0x08007234   0x00000020   Code   RO         5265    i.RCC_AHB1PeriphClockCmd  stm32f4xx_rcc.o
    0x08007254   0x00000020   Code   RO         5274    i.RCC_APB1PeriphClockCmd  stm32f4xx_rcc.o
    0x08007274   0x00000020   Code   RO         5276    i.RCC_APB1PeriphResetCmd  stm32f4xx_rcc.o
    0x08007294   0x00000020   Code   RO         5277    i.RCC_APB2PeriphClockCmd  stm32f4xx_rcc.o
    0x080072b4   0x00000020   Code   RO         5279    i.RCC_APB2PeriphResetCmd  stm32f4xx_rcc.o
    0x080072d4   0x000000e8   Code   RO         5286    i.RCC_GetClocksFreq  stm32f4xx_rcc.o
    0x080073bc   0x00000118   Code   RO         1807    i.RCInput_Get       rc_input.o
    0x080074d4   0x0000000c   Code   RO         1808    i.RCInput_GetAuthority  rc_input.o
    0x080074e0   0x0000009c   Code   RO         1809    i.RCInput_IsActive  rc_input.o
    0x0800757c   0x000000e4   Code   RO         1811    i.RCInput_SetAuthority  rc_input.o
    0x08007660   0x00000054   Code   RO         1812    i.RCInput_SetVirtualStick  rc_input.o
    0x080076b4   0x000001f4   Code   RO         1813    i.RCInput_Update    rc_input.o
    0x080078a8   0x0000018c   Code   RO         1814    i.RCInput_UpdateNeutral  rc_input.o
    0x08007a34   0x00000028   Code   RO         2287    i.RPM_DwtInit       rpm.o
    0x08007a5c   0x000000a8   Code   RO         2288    i.RPM_EdgeISR       rpm.o
    0x08007b04   0x00000094   Code   RO         2289    i.RPM_Get           rpm.o
    0x08007b98   0x000000fc   Code   RO         2290    i.RPM_GpioInit      rpm.o
    0x08007c94   0x00000010   Code   RO         2291    i.RPM_Init          rpm.o
    0x08007ca4   0x0000003a   Code   RO         2292    i.RPM_NvicInit      rpm.o
    0x08007cde   0x00000002   PAD
    0x08007ce0   0x00000028   Code   RO            6    i.Remoter_Task      main.o
    0x08007d08   0x000000b0   Code   RO          581    i.Reset_World_Origin  stabilizertask.o
    0x08007db8   0x00000214   Code   RO          859    i.SDK_Set_Gyroz     autoflytask.o
    0x08007fcc   0x000003d0   Code   RO          860    i.SDK_Set_V_Loc     autoflytask.o
    0x0800839c   0x00000020   Code   RO          861    i.SDK_StateMachine_Init  autoflytask.o
    0x080083bc   0x00000244   Code   RO          862    i.SDK_StateMachine_Loop  autoflytask.o
    0x08008600   0x00000014   Code   RO          863    i.SDK_StateMachine_Reset  autoflytask.o
    0x08008614   0x00000018   Code   RO         6382    i.SPI_Cmd           stm32f4xx_spi.o
    0x0800862c   0x00000114   Code   RO         2340    i.SPI_Configuration  spi.o
    0x08008740   0x000000b0   Code   RO         6389    i.SPI_I2S_DeInit    stm32f4xx_spi.o
    0x080087f0   0x0000003c   Code   RO         6395    i.SPI_Init          stm32f4xx_spi.o
    0x0800882c   0x00000040   Code   RO         6543    i.SYSCFG_EXTILineConfig  stm32f4xx_syscfg.o
    0x0800886c   0x00001554   Code   RO          946    i.Send_Groundstation_Telemetry_UART4  send_data.o
    0x08009dc0   0x00000078   Code   RO            7    i.Send_Task         main.o
    0x08009e38   0x00000388   Code   RO         1019    i.Sensor_Data_Prepare  bmi088_driver.o
    0x0800a1c0   0x00000020   Code   RO         2216    i.SetBeep           pwm.o
    0x0800a1e0   0x000000ec   Code   RO         7408    i.SetSysClock       system_stm32f4xx.o
    0x0800a2cc   0x0000000c   Code   RO         1666    i.SetTelemetryMode  subscribe.o
    0x0800a2d8   0x00000020   Code   RO         2219    i.Set_IDLE_Motors   pwm.o
    0x0800a2f8   0x000000d8   Code   RO         2220    i.Set_PWM_Motors    pwm.o
    0x0800a3d0   0x00000020   Code   RO         2221    i.Set_Zero_Motors   pwm.o
    0x0800a3f0   0x00000038   Code   RO            8    i.Stabilizer_Task   main.o
    0x0800a428   0x00000088   Code   RO         1667    i.Subscribe_BuildError  subscribe.o
    0x0800a4b0   0x000000e6   Code   RO         1668    i.Subscribe_BuildReply  subscribe.o
    0x0800a596   0x000000d2   Code   RO         1669    i.Subscribe_BuildSchema  subscribe.o
    0x0800a668   0x000000ca   Code   RO         1670    i.Subscribe_BuildStreamFrame  subscribe.o
    0x0800a732   0x00000002   PAD
    0x0800a734   0x000001f4   Code   RO         1671    i.Subscribe_ParseRequest  subscribe.o
    0x0800a928   0x00000380   Code   RO         1672    i.Subscribe_ParseStreamRequest  subscribe.o
    0x0800aca8   0x00000022   Code   RO         1673    i.Subscribe_StreamBps  subscribe.o
    0x0800acca   0x00000002   PAD
    0x0800accc   0x00000030   Code   RO         1674    i.Subscribe_StreamOwnsUsart3  subscribe.o
    0x0800acfc   0x00000150   Code   RO         1675    i.Subscribe_StreamTick  subscribe.o
    0x0800ae4c   0x00000008   Code   RO         1676    i.Subscribe_TimeMs  subscribe.o
    0x0800ae54   0x00000030   Code   RO         1677    i.Subscribe_TxReplyToTransport  subscribe.o
    0x0800ae84   0x000000f8   Code   RO         1678    i.Subscribe_ValidateRange  subscribe.o
    0x0800af7c   0x0000017c   Code   RO         1679    i.Subscribe_ValidateTuple  subscribe.o
    0x0800b0f8   0x00000018   Code   RO         1347    i.SysID_Abort       sysid.o
    0x0800b110   0x0000000c   Code   RO         1348    i.SysID_GetAxis     sysid.o
    0x0800b11c   0x0000000c   Code   RO         1349    i.SysID_GetDither   sysid.o
    0x0800b128   0x0000000c   Code   RO         1350    i.SysID_GetRateSetpoint  sysid.o
    0x0800b134   0x0000000c   Code   RO         1351    i.SysID_GetState    sysid.o
    0x0800b140   0x00000038   Code   RO         1352    i.SysID_IsAxisActive  sysid.o
    0x0800b178   0x00000014   Code   RO         1353    i.SysID_SetGeofence  sysid.o
    0x0800b18c   0x00000360   Code   RO         1354    i.SysID_Start       sysid.o
    0x0800b4ec   0x000000cc   Code   RO         1355    i.SysID_Update      sysid.o
    0x0800b5b8   0x00000010   Code   RO         1119    i.SysTick_Handler   delay.o
    0x0800b5c8   0x00000128   Code   RO          829    i.SystemErrorDetect  systemmonitor_task.o
    0x0800b6f0   0x00000068   Code   RO         7410    i.SystemInit        system_stm32f4xx.o
    0x0800b758   0x00000020   Code   RO            9    i.SystemMonitor_Task  main.o
    0x0800b778   0x00000018   Code   RO         6600    i.TIM_ARRPreloadConfig  stm32f4xx_tim.o
    0x0800b790   0x00000018   Code   RO         6612    i.TIM_Cmd           stm32f4xx_tim.o
    0x0800b7a8   0x0000001e   Code   RO         6614    i.TIM_CtrlPWMOutputs  stm32f4xx_tim.o
    0x0800b7c6   0x00000002   PAD
    0x0800b7c8   0x0000007c   Code   RO         6641    i.TIM_OC1Init       stm32f4xx_tim.o
    0x0800b844   0x00000012   Code   RO         6644    i.TIM_OC1PreloadConfig  stm32f4xx_tim.o
    0x0800b856   0x00000002   PAD
    0x0800b858   0x000000a4   Code   RO         6646    i.TIM_OC2Init       stm32f4xx_tim.o
    0x0800b8fc   0x0000001a   Code   RO         6649    i.TIM_OC2PreloadConfig  stm32f4xx_tim.o
    0x0800b916   0x00000002   PAD
    0x0800b918   0x000000a0   Code   RO         6651    i.TIM_OC3Init       stm32f4xx_tim.o
    0x0800b9b8   0x00000078   Code   RO         6656    i.TIM_OC4Init       stm32f4xx_tim.o
    0x0800ba30   0x00000014   Code   RO         6659    i.TIM_OCStructInit  stm32f4xx_tim.o
    0x0800ba44   0x00000004   Code   RO         6676    i.TIM_SetCompare3   stm32f4xx_tim.o
    0x0800ba48   0x00000084   Code   RO         6684    i.TIM_TimeBaseInit  stm32f4xx_tim.o
    0x0800bacc   0x00000012   Code   RO         6685    i.TIM_TimeBaseStructInit  stm32f4xx_tim.o
    0x0800bade   0x00000002   PAD
    0x0800bae0   0x00000040   Code   RO         1585    i.ThrustEst_Init    thrust_estimators.o
    0x0800bb20   0x00000164   Code   RO         1586    i.ThrustEst_Update  thrust_estimators.o
    0x0800bc84   0x00000054   Code   RO          725    i.UART4_IRQHandler  stm32f4xx_it.o
    0x0800bcd8   0x000001c0   Code   RO         2474    i.UART5_Configuration  usart5.o
    0x0800be98   0x0000004c   Code   RO          726    i.UART5_IRQHandler  stm32f4xx_it.o
    0x0800bee4   0x000000b8   Code   RO         2367    i.USART1_Configuration  usart1.o
    0x0800bf9c   0x00000038   Code   RO          727    i.USART1_IRQHandler  stm32f4xx_it.o
    0x0800bfd4   0x000000b4   Code   RO         2433    i.USART2_Configuration  usart2.o
    0x0800c088   0x0000004c   Code   RO          728    i.USART2_IRQHandler  stm32f4xx_it.o
    0x0800c0d4   0x000001b8   Code   RO         2540    i.USART3_Configuration  usart3.o
    0x0800c28c   0x00000060   Code   RO          729    i.USART3_IRQHandler  stm32f4xx_it.o
    0x0800c2ec   0x00000002   Code   RO          730    i.USART6_IRQHandler  stm32f4xx_it.o
    0x0800c2ee   0x0000001e   Code   RO         7159    i.USART_ClearITPendingBit  stm32f4xx_usart.o
    0x0800c30c   0x00000018   Code   RO         7162    i.USART_Cmd         stm32f4xx_usart.o
    0x0800c324   0x00000012   Code   RO         7163    i.USART_DMACmd      stm32f4xx_usart.o
    0x0800c336   0x00000002   PAD
    0x0800c338   0x000000f0   Code   RO         7164    i.USART_DeInit      stm32f4xx_usart.o
    0x0800c428   0x00000054   Code   RO         7166    i.USART_GetITStatus  stm32f4xx_usart.o
    0x0800c47c   0x0000004a   Code   RO         7168    i.USART_ITConfig    stm32f4xx_usart.o
    0x0800c4c6   0x00000002   PAD
    0x0800c4c8   0x000000d4   Code   RO         7169    i.USART_Init        stm32f4xx_usart.o
    0x0800c59c   0x000000b6   Code   RO          731    i.USART_Receive     stm32f4xx_it.o
    0x0800c652   0x00000002   PAD
    0x0800c654   0x000000f8   Code   RO         1680    i.Uart5_Subscribe_HandleRequest  subscribe.o
    0x0800c74c   0x00000002   Code   RO         2475    i.Uart5_Subscribe_TxSend  usart5.o
    0x0800c74e   0x00000002   PAD
    0x0800c750   0x00000974   Code   RO          582    i.Update_Data       stabilizertask.o
    0x0800d0c4   0x000006e4   Code   RO          583    i.Update_Des        stabilizertask.o
    0x0800d7a8   0x000002b4   Code   RO          584    i.Update_Motor      stabilizertask.o
    0x0800da5c   0x00000006   Code   RO          410    i.UsageFault_Handler  fault_capture.o
    0x0800da62   0x00000014   Code   RO         2541    i.Usart3_Stream_Busy  usart3.o
    0x0800da76   0x00000002   PAD
    0x0800da78   0x000000e0   Code   RO         2542    i.Usart3_Stream_TxSend  usart3.o
    0x0800db58   0x00000058   Code   RO         2543    i.Usart3_Tx_DmaIsr  usart3.o
    0x0800dbb0   0x0000001c   Code   RO         2151    i.Voltage_Calculation  adc.o
    0x0800dbcc   0x0000001a   Code   RO         1681    i.XorCrc            subscribe.o
    0x0800dbe6   0x00000030   Code   RO         8851    i.__ARM_fpclassify  m_wm.l(fpclassify.o)
    0x0800dc16   0x00000026   Code   RO         8853    i.__ARM_fpclassifyf  m_wm.l(fpclassifyf.o)
    0x0800dc3c   0x00000012   Code   RO          585    i.__ARM_isfinitef   stabilizertask.o
    0x0800dc4e   0x00000002   PAD
    0x0800dc50   0x0000012c   Code   RO         8627    i.__hardfp_asinf    m_wm.l(asinf.o)
    0x0800dd7c   0x00000250   Code   RO         8639    i.__hardfp_atan2f   m_wm.l(atan2f.o)
    0x0800dfcc   0x00000004   PAD
    0x0800dfd0   0x000000c8   Code   RO         8651    i.__hardfp_cos      m_wm.l(cos.o)
    0x0800e098   0x00000150   Code   RO         8663    i.__hardfp_cosf     m_wm.l(cosf.o)
    0x0800e1e8   0x000001e8   Code   RO         8675    i.__hardfp_expf     m_wm.l(expf.o)
    0x0800e3d0   0x00000c50   Code   RO         8689    i.__hardfp_pow      m_wm.l(pow.o)
    0x0800f020   0x00000664   Code   RO         8703    i.__hardfp_powf     m_wm.l(powf.o)
    0x0800f684   0x00000004   PAD
    0x0800f688   0x000000c8   Code   RO         8717    i.__hardfp_sin      m_wm.l(sin.o)
    0x0800f750   0x00000190   Code   RO         8729    i.__hardfp_sinf     m_wm.l(sinf.o)
    0x0800f8e0   0x0000007a   Code   RO         8741    i.__hardfp_sqrt     m_wm.l(sqrt.o)
    0x0800f95a   0x0000003a   Code   RO         8753    i.__hardfp_sqrtf    m_wm.l(sqrtf.o)
    0x0800f994   0x0000017c   Code   RO         8765    i.__hardfp_tanf     m_wm.l(tanf.o)
    0x0800fb10   0x000000e4   Code   RO         8777    i.__hardfp_tanhf    m_wm.l(tanhf.o)
    0x0800fbf4   0x00000004   PAD
    0x0800fbf8   0x00000438   Code   RO         8872    i.__ieee754_rem_pio2  m_wm.l(rred.o)
    0x08010030   0x00000170   Code   RO         8828    i.__kernel_cos      m_wm.l(cos_i.o)
    0x080101a0   0x000000f8   Code   RO         8869    i.__kernel_poly     m_wm.l(poly.o)
    0x08010298   0x00000130   Code   RO         8880    i.__kernel_sin      m_wm.l(sin_i.o)
    0x080103c8   0x00000030   Code   RO         8831    i.__mathlib_dbl_divzero  m_wm.l(dunder.o)
    0x080103f8   0x00000014   Code   RO         8832    i.__mathlib_dbl_infnan  m_wm.l(dunder.o)
    0x0801040c   0x00000014   Code   RO         8833    i.__mathlib_dbl_infnan2  m_wm.l(dunder.o)
    0x08010420   0x00000020   Code   RO         8834    i.__mathlib_dbl_invalid  m_wm.l(dunder.o)
    0x08010440   0x00000020   Code   RO         8835    i.__mathlib_dbl_overflow  m_wm.l(dunder.o)
    0x08010460   0x00000020   Code   RO         8837    i.__mathlib_dbl_underflow  m_wm.l(dunder.o)
    0x08010480   0x00000014   Code   RO         8855    i.__mathlib_flt_divzero  m_wm.l(funder.o)
    0x08010494   0x00000006   Code   RO         8856    i.__mathlib_flt_infnan  m_wm.l(funder.o)
    0x0801049a   0x00000006   Code   RO         8857    i.__mathlib_flt_infnan2  m_wm.l(funder.o)
    0x080104a0   0x00000010   Code   RO         8858    i.__mathlib_flt_invalid  m_wm.l(funder.o)
    0x080104b0   0x00000010   Code   RO         8859    i.__mathlib_flt_overflow  m_wm.l(funder.o)
    0x080104c0   0x00000010   Code   RO         8861    i.__mathlib_flt_underflow  m_wm.l(funder.o)
    0x080104d0   0x00000154   Code   RO         8877    i.__mathlib_rredf2  m_wm.l(rredf.o)
    0x08010624   0x00000004   Code   RO          369    i._sys_exit         retarget.o
    0x08010628   0x00000124   Code   RO          586    i.accel_to_lean_angles  stabilizertask.o
    0x0801074c   0x00000124   Code   RO         1455    i.biquad_design     gyro_filter.o
    0x08010870   0x0000003c   Code   RO          411    i.blink_dash        fault_capture.o
    0x080108ac   0x00000038   Code   RO          412    i.blink_dot         fault_capture.o
    0x080108e4   0x00000180   Code   RO         1020    i.bmi088_init       bmi088_driver.o
    0x08010a64   0x00000046   Code   RO          413    i.crc16_ccitt       fault_capture.o
    0x08010aaa   0x00000044   Code   RO          947    i.crc16_xmodem      send_data.o
    0x08010aee   0x00000016   Code   RO          414    i.delay_loops       fault_capture.o
    0x08010b04   0x0000001c   Code   RO         1121    i.delay_ms          delay.o
    0x08010b20   0x000001d8   Code   RO         1546    i.ekf_of_update_one  ekf_of.o
    0x08010cf8   0x00000018   Code   RO         8847    i.fabs              m_wm.l(fabs.o)
    0x08010d10   0x00000038   Code   RO          587    i.fast_atan         stabilizertask.o
    0x08010d48   0x00000002   Code   RO          370    i.fputc             retarget.o
    0x08010d4a   0x00000002   PAD
    0x08010d4c   0x000000f4   Code   RO         2476    i.handle_command_frame  usart5.o
    0x08010e40   0x000000a4   Code   RO         2477    i.handle_subscribe_frame  usart5.o
    0x08010ee4   0x000000c4   Code   RO         1587    i.interp_pwm_thrust  thrust_estimators.o
    0x08010fa8   0x0000003c   Code   RO         1159    i.invSqrt           imu_update.o
    0x08010fe4   0x000000e8   Code   RO         1021    i.leastSquareLinearFit  bmi088_driver.o
    0x080110cc   0x0000003c   Code   RO           10    i.main              main.o
    0x08011108   0x00000098   Code   RO         7880    i.prvAddCurrentTaskToDelayedList  tasks.o
    0x080111a0   0x000000b8   Code   RO         7881    i.prvAddNewTaskToReadyList  tasks.o
    0x08011258   0x00000064   Code   RO         8254    i.prvCheckForValidListAndQueue  timers.o
    0x080112bc   0x00000064   Code   RO         7882    i.prvCheckTasksWaitingTermination  tasks.o
    0x08011320   0x0000002a   Code   RO         7636    i.prvCopyDataFromQueue  queue.o
    0x0801134a   0x0000007c   Code   RO         7637    i.prvCopyDataToQueue  queue.o
    0x080113c6   0x00000012   Code   RO         7883    i.prvDeleteTCB      tasks.o
    0x080113d8   0x00000028   Code   RO         8255    i.prvGetNextExpireTime  timers.o
    0x08011400   0x0000007c   Code   RO         8477    i.prvHeapInit       heap_4.o
    0x0801147c   0x00000028   Code   RO         7884    i.prvIdleTask       tasks.o
    0x080114a4   0x0000002e   Code   RO         7639    i.prvInitialiseNewQueue  queue.o
    0x080114d2   0x00000002   PAD
    0x080114d4   0x000000d0   Code   RO         7885    i.prvInitialiseNewTask  tasks.o
    0x080115a4   0x00000068   Code   RO         7886    i.prvInitialiseTaskLists  tasks.o
    0x0801160c   0x00000068   Code   RO         8478    i.prvInsertBlockIntoFreeList  heap_4.o
    0x08011674   0x00000058   Code   RO         8257    i.prvInsertTimerInActiveList  timers.o
    0x080116cc   0x0000001a   Code   RO         7640    i.prvIsQueueEmpty   queue.o
    0x080116e6   0x0000001e   Code   RO         7641    i.prvIsQueueFull    queue.o
    0x08011704   0x000000a0   Code   RO         7642    i.prvNotifyQueueSetContainer  queue.o
    0x080117a4   0x00000080   Code   RO         8258    i.prvProcessExpiredTimer  timers.o
    0x08011824   0x0000012c   Code   RO         8259    i.prvProcessReceivedCommands  timers.o
    0x08011950   0x00000074   Code   RO         8260    i.prvProcessTimerOrBlockTask  timers.o
    0x080119c4   0x00000034   Code   RO         7888    i.prvResetNextTaskUnblockTime  tasks.o
    0x080119f8   0x0000002c   Code   RO         8261    i.prvSampleTimeNow  timers.o
    0x08011a24   0x000000bc   Code   RO         8262    i.prvSwitchTimerLists  timers.o
    0x08011ae0   0x00000074   Code   RO         8393    i.prvTaskExitError  port.o
    0x08011b54   0x0000001a   Code   RO         8263    i.prvTimerTask      timers.o
    0x08011b6e   0x00000092   Code   RO         7643    i.prvUnlockQueue    queue.o
    0x08011c00   0x0000015c   Code   RO         8479    i.pvPortMalloc      heap_4.o
    0x08011d5c   0x00000020   Code   RO         7892    i.pvTaskIncrementMutexHeldCount  tasks.o
    0x08011d7c   0x0000002c   Code   RO         8394    i.pxPortInitialiseStack  port.o
    0x08011da8   0x000002a4   Code   RO          531    i.remoter_task      remotertask.o
    0x0801204c   0x0000029c   Code   RO         1496    i.s_Update2x2       ekf.o
    0x080122e8   0x0000002a   Code   RO         1815    i.s_clamp           rc_input.o
    0x08012312   0x00000002   PAD
    0x08012314   0x00000020   Code   RO         1816    i.s_normalize       rc_input.o
    0x08012334   0x0000002c   Code   RO         1885    i.s_sync            flight_fsm.o
    0x08012360   0x00000218   Code   RO          948    i.send_to_linux     send_data.o
    0x08012578   0x00000030   Code   RO         2341    i.spi2_read_write_byte  spi.o
    0x080125a8   0x0000006e   Code   RO         8743    i.sqrt              m_wm.l(sqrt.o)
    0x08012616   0x0000003e   Code   RO         8755    i.sqrtf             m_wm.l(sqrtf.o)
    0x08012654   0x000000ec   Code   RO          589    i.stabilizer_Task   stabilizertask.o
    0x08012740   0x00000160   Code   RO           11    i.start_task        main.o
    0x080128a0   0x00000108   Code   RO         1357    i.sysid_abort_condition  sysid.o
    0x080129a8   0x0000003c   Code   RO         1358    i.sysid_amp_max     sysid.o
    0x080129e4   0x00000060   Code   RO         1359    i.sysid_enter_recovery  sysid.o
    0x08012a44   0x000000f8   Code   RO         1360    i.sysid_envelope    sysid.o
    0x08012b3c   0x00000028   Code   RO         1361    i.sysid_finish      sysid.o
    0x08012b64   0x00000154   Code   RO         1362    i.sysid_signal_raw  sysid.o
    0x08012cb8   0x00000090   Code   RO         2478    i.try_stage_subscribe_frame  usart5.o
    0x08012d48   0x0000006c   Code   RO         2544    i.tx_arm            usart3.o
    0x08012db4   0x00000024   Code   RO         2545    i.tx_used           usart3.o
    0x08012dd8   0x00000094   Code   RO          949    i.usart3_send       send_data.o
    0x08012e6c   0x00000028   Code   RO         7591    i.uxListRemove      list.o
    0x08012e94   0x0000000a   Code   RO           12    i.vApplicationMallocFailedHook  main.o
    0x08012e9e   0x00000002   PAD
    0x08012ea0   0x00000044   Code   RO           13    i.vApplicationStackOverflowHook  main.o
    0x08012ee4   0x0000001a   Code   RO         7592    i.vListInitialise   list.o
    0x08012efe   0x00000006   Code   RO         7593    i.vListInitialiseItem  list.o
    0x08012f04   0x00000034   Code   RO         7594    i.vListInsert       list.o
    0x08012f38   0x00000018   Code   RO         7595    i.vListInsertEnd    list.o
    0x08012f50   0x00000088   Code   RO         8396    i.vPortEnterCritical  port.o
    0x08012fd8   0x00000070   Code   RO         8397    i.vPortExitCritical  port.o
    0x08013048   0x000000b8   Code   RO         8480    i.vPortFree         heap_4.o
    0x08013100   0x00000020   Code   RO         8398    i.vPortSetupTimerInterrupt  port.o
    0x08013120   0x000000a0   Code   RO         8399    i.vPortValidateInterruptPriority  port.o
    0x080131c0   0x0000002c   Code   RO         7649    i.vQueueAddToRegistry  queue.o
    0x080131ec   0x0000004a   Code   RO         7653    i.vQueueWaitForMessageRestricted  queue.o
    0x08013236   0x00000002   PAD
    0x08013238   0x00000074   Code   RO         7901    i.vTaskDelay        tasks.o
    0x080132ac   0x000000dc   Code   RO         7902    i.vTaskDelayUntil   tasks.o
    0x08013388   0x0000010c   Code   RO         7903    i.vTaskDelete       tasks.o
    0x08013494   0x0000000c   Code   RO         7907    i.vTaskMissedYield  tasks.o
    0x080134a0   0x00000054   Code   RO         7909    i.vTaskPlaceOnEventList  tasks.o
    0x080134f4   0x0000005c   Code   RO         7910    i.vTaskPlaceOnEventListRestricted  tasks.o
    0x08013550   0x000000b0   Code   RO         7912    i.vTaskPriorityInherit  tasks.o
    0x08013600   0x0000004c   Code   RO         7916    i.vTaskSetTimeOutState  tasks.o
    0x0801364c   0x000000ac   Code   RO         7917    i.vTaskStartScheduler  tasks.o
    0x080136f8   0x00000010   Code   RO         7919    i.vTaskSuspendAll   tasks.o
    0x08013708   0x000000dc   Code   RO         7920    i.vTaskSwitchContext  tasks.o
    0x080137e4   0x0000015c   Code   RO         8400    i.xPortStartScheduler  port.o
    0x08013940   0x00000034   Code   RO         8401    i.xPortSysTickHandler  port.o
    0x08013974   0x00000074   Code   RO         7658    i.xQueueGenericCreate  queue.o
    0x080139e8   0x000001c8   Code   RO         7659    i.xQueueGenericReceive  queue.o
    0x08013bb0   0x000000b0   Code   RO         7660    i.xQueueGenericReset  queue.o
    0x08013c60   0x000001c4   Code   RO         7661    i.xQueueGenericSend  queue.o
    0x08013e24   0x00000110   Code   RO         7662    i.xQueueGenericSendFromISR  queue.o
    0x08013f34   0x000000a0   Code   RO         7921    i.xTaskCheckForTimeOut  tasks.o
    0x08013fd4   0x00000060   Code   RO         7922    i.xTaskCreate       tasks.o
    0x08014034   0x00000020   Code   RO         7926    i.xTaskGetSchedulerState  tasks.o
    0x08014054   0x0000000c   Code   RO         7927    i.xTaskGetTickCount  tasks.o
    0x08014060   0x00000014   Code   RO         7928    i.xTaskGetTickCountFromISR  tasks.o
    0x08014074   0x00000160   Code   RO         7929    i.xTaskIncrementTick  tasks.o
    0x080141d4   0x000000d8   Code   RO         7932    i.xTaskPriorityDisinherit  tasks.o
    0x080142ac   0x000000b4   Code   RO         7933    i.xTaskRemoveFromEventList  tasks.o
    0x08014360   0x00000120   Code   RO         7935    i.xTaskResumeAll    tasks.o
    0x08014480   0x00000074   Code   RO         8267    i.xTimerCreateTimerTask  timers.o
    0x080144f4   0x000000a4   Code   RO         8268    i.xTimerGenericCommand  timers.o
    0x08014598   0x00000018   Code   RO         8591    x$fpl$basic         fz_wm.l(basic.o)
    0x080145b0   0x00000062   Code   RO         8593    x$fpl$d2f           fz_wm.l(d2f.o)
    0x08014612   0x00000002   PAD
    0x08014614   0x00000150   Code   RO         8595    x$fpl$dadd          fz_wm.l(daddsub_clz.o)
    0x08014764   0x00000010   Code   RO         8916    x$fpl$dcheck1       fz_wm.l(dcheck1.o)
    0x08014774   0x00000018   Code   RO         8811    x$fpl$dcmpinf       fz_wm.l(dcmpi.o)
    0x0801478c   0x000002b0   Code   RO         8602    x$fpl$ddiv          fz_wm.l(ddiv.o)
    0x08014a3c   0x0000005e   Code   RO         8605    x$fpl$dfix          fz_wm.l(dfix.o)
    0x08014a9a   0x00000002   PAD
    0x08014a9c   0x0000005a   Code   RO         8609    x$fpl$dfixu         fz_wm.l(dfixu.o)
    0x08014af6   0x0000002e   Code   RO         8614    x$fpl$dflt          fz_wm.l(dflt_clz.o)
    0x08014b24   0x00000026   Code   RO         8613    x$fpl$dfltu         fz_wm.l(dflt_clz.o)
    0x08014b4a   0x00000002   PAD
    0x08014b4c   0x00000078   Code   RO         8619    x$fpl$dleqf         fz_wm.l(dleqf.o)
    0x08014bc4   0x00000154   Code   RO         8621    x$fpl$dmul          fz_wm.l(dmul.o)
    0x08014d18   0x0000009c   Code   RO         8813    x$fpl$dnaninf       fz_wm.l(dnaninf.o)
    0x08014db4   0x0000000c   Code   RO         8815    x$fpl$dretinf       fz_wm.l(dretinf.o)
    0x08014dc0   0x0000006c   Code   RO         8623    x$fpl$drleqf        fz_wm.l(drleqf.o)
    0x08014e2c   0x00000016   Code   RO         8596    x$fpl$drsb          fz_wm.l(daddsub_clz.o)
    0x08014e42   0x00000002   PAD
    0x08014e44   0x00000198   Code   RO         8817    x$fpl$dsqrt         fz_wm.l(dsqrt_umaal.o)
    0x08014fdc   0x000001d4   Code   RO         8597    x$fpl$dsub          fz_wm.l(daddsub_clz.o)
    0x080151b0   0x00000056   Code   RO         8625    x$fpl$f2d           fz_wm.l(f2d.o)
    0x08015206   0x0000008c   Code   RO         8819    x$fpl$fnaninf       fz_wm.l(fnaninf.o)
    0x08015292   0x0000000a   Code   RO         9005    x$fpl$fpinit        fz_wm.l(fpinit.o)
    0x0801529c   0x0000000a   Code   RO         8821    x$fpl$fretinf       fz_wm.l(fretinf.o)
    0x080152a6   0x00000064   Code   RO         8935    x$fpl$retnan        fz_wm.l(retnan.o)
    0x0801530a   0x0000005c   Code   RO         8825    x$fpl$scalbn        fz_wm.l(scalbn.o)
    0x08015366   0x00000030   Code   RO         8990    x$fpl$trapveneer    fz_wm.l(trapv.o)
    0x08015396   0x00000000   Code   RO         8827    x$fpl$usenofp       fz_wm.l(usenofp.o)
    0x08015396   0x00000002   PAD
    0x08015398   0x00000040   Data   RO          951    .constdata          send_data.o
    0x080153d8   0x000000a8   Data   RO         1265    .constdata          mrac.o
    0x08015480   0x000000b0   Data   RO         1589    .constdata          thrust_estimators.o
    0x08015530   0x00000030   Data   RO         8678    .constdata          m_wm.l(expf.o)
    0x08015560   0x00000088   Data   RO         8692    .constdata          m_wm.l(pow.o)
    0x080155e8   0x00000140   Data   RO         8706    .constdata          m_wm.l(powf.o)
    0x08015728   0x00000030   Data   RO         8829    .constdata          m_wm.l(cos_i.o)
    0x08015758   0x00000008   Data   RO         8871    .constdata          m_wm.l(qnan.o)
    0x08015760   0x000000c8   Data   RO         8874    .constdata          m_wm.l(rred.o)
    0x08015828   0x00000020   Data   RO         8878    .constdata          m_wm.l(rredf.o)
    0x08015848   0x00000028   Data   RO         8881    .constdata          m_wm.l(sin_i.o)
    0x08015870   0x00000020   Data   RO         9059    Region$$Table       anon$$obj.o


    Execution Region RW_IRAM1 (Base: 0x20000000, Size: 0x0001de08, Max: 0x00020000, ABSOLUTE, COMPRESSED[0x000001bc])

    Base Addr    Size         Type   Attr      Idx    E Section Name        Object

    0x20000000   0x00000028   Data   RW           14    .data               main.o
    0x20000028   0x00000004   Data   RW          371    .data               retarget.o
    0x2000002c   0x00000001   Data   RW          416    .data               fault_capture.o
    0x2000002d   0x00000003   PAD
    0x20000030   0x00000007   Data   RW          533    .data               remotertask.o
    0x20000037   0x00000001   PAD
    0x20000038   0x0000007e   Data   RW          592    .data               stabilizertask.o
    0x200000b6   0x00000002   PAD
    0x200000b8   0x00000024   Data   RW          732    .data               stm32f4xx_it.o
    0x200000dc   0x00000050   Data   RW          865    .data               autoflytask.o
    0x2000012c   0x00000028   Data   RW          952    .data               send_data.o
    0x20000154   0x00000144   Data   RW         1023    .data               bmi088_driver.o
    0x20000298   0x000000d0   Data   RW         1160    .data               imu_update.o
    0x20000368   0x00000460   Data   RW         1212    .data               pid.o
    0x200007c8   0x00000035   Data   RW         1364    .data               sysid.o
    0x200007fd   0x00000003   PAD
    0x20000800   0x00000005   Data   RW         1457    .data               gyro_filter.o
    0x20000805   0x00000001   PAD
    0x20000806   0x00000008   Data   RW         1683    .data               subscribe.o
    0x2000080e   0x00000002   PAD
    0x20000810   0x00000010   Data   RW         1818    .data               rc_input.o
    0x20000820   0x00000002   Data   RW         1886    .data               flight_fsm.o
    0x20000822   0x00000003   Data   RW         1967    .data               ano_of.o
    0x20000825   0x00000001   PAD
    0x20000826   0x00000008   Data   RW         2222    .data               pwm.o
    0x2000082e   0x00000002   Data   RW         2369    .data               usart1.o
    0x20000830   0x00000024   Data   RW         2402    .data               usart4.o
    0x20000854   0x00000020   Data   RW         2480    .data               usart5.o
    0x20000874   0x00000036   Data   RW         2547    .data               usart3.o
    0x200008aa   0x00000002   PAD
    0x200008ac   0x00000035   Data   RW         2596    .data               global_declare.o
    0x200008e1   0x00000010   Data   RW         5318    .data               stm32f4xx_rcc.o
    0x200008f1   0x00000003   PAD
    0x200008f4   0x00000014   Data   RW         7411    .data               system_stm32f4xx.o
    0x20000908   0x0000003c   Data   RW         7938    .data               tasks.o
    0x20000944   0x00000014   Data   RW         8276    .data               timers.o
    0x20000958   0x0000000c   Data   RW         8402    .data               port.o
    0x20000964   0x00000018   Data   RW         8485    .data               heap_4.o
    0x2000097c   0x00000200   Zero   RW          415    .bss                fault_capture.o
    0x20000b7c   0x00000010   Zero   RW          532    .bss                remotertask.o
    0x20000b8c   0x0000011c   Zero   RW          590    .bss                stabilizertask.o
    0x20000ca8   0x00000320   Zero   RW          864    .bss                autoflytask.o
    0x20000fc8   0x000004dc   Zero   RW          950    .bss                send_data.o
    0x200014a4   0x00013a18   Zero   RW         1022    .bss                bmi088_driver.o
    0x20014ebc   0x00000490   Zero   RW         1264    .bss                mrac.o
    0x2001534c   0x000000f0   Zero   RW         1363    .bss                sysid.o
    0x2001543c   0x00000060   Zero   RW         1456    .bss                gyro_filter.o
    0x2001549c   0x00000288   Zero   RW         1497    .bss                ekf.o
    0x20015724   0x00000024   Zero   RW         1588    .bss                thrust_estimators.o
    0x20015748   0x0000000c   Zero   RW         1627    .bss                calib.o
    0x20015754   0x000012ec   Zero   RW         1682    .bss                subscribe.o
    0x20016a40   0x0000003c   Zero   RW         1817    .bss                rc_input.o
    0x20016a7c   0x000000ac   Zero   RW         1966    .bss                ano_of.o
    0x20016b28   0x000000a0   Zero   RW         2293    .bss                rpm.o
    0x20016bc8   0x00000039   Zero   RW         2368    .bss                usart1.o
    0x20016c01   0x00000003   PAD
    0x20016c04   0x00000238   Zero   RW         2401    .bss                usart4.o
    0x20016e3c   0x00000300   Zero   RW         2479    .bss                usart5.o
    0x2001713c   0x00001244   Zero   RW         2546    .bss                usart3.o
    0x20018380   0x000000dc   Zero   RW         2595    .bss                global_declare.o
    0x2001845c   0x00000040   Zero   RW         7673    .bss                queue.o
    0x2001849c   0x000002e4   Zero   RW         7937    .bss                tasks.o
    0x20018780   0x00000028   Zero   RW         8275    .bss                timers.o
    0x200187a8   0x00005000   Zero   RW         8484    .bss                heap_4.o
    0x2001d7a8   0x00000060   Zero   RW         8919    .bss                c_w.l(libspace.o)
    0x2001d808   0x00000200   Zero   RW         7444    HEAP                startup_stm32f40_41xxx.o
    0x2001da08   0x00000400   Zero   RW         7443    STACK               startup_stm32f40_41xxx.o


==============================================================================

Image component sizes


      Code (inc. data)   RO Data    RW Data    ZI Data      Debug   Object Name

       220         22          0          0          0       1910   adc.o
       672         42          0          3        172       3360   ano_of.o
      3672        384          0         80        800      11227   autoflytask.o
      3176        362          0        324      80408      13876   bmi088_driver.o
       188         22          0          0          0       1116   bsp.o
       812         44          0          0         12       4222   calib.o
        44          0          0          0          0       1133   delay.o
      2046         50          0          0        648       5938   ekf.o
      1094         38          0          0          0       4013   ekf_of.o
         0          0          0          0          0      11912   event_groups.o
      1174         84          0          1        512      12492   fault_capture.o
       252         18          0          2          0       3210   flight_fsm.o
         0          0          0         53        220       5119   global_declare.o
       600         66          0          5         96       4556   gyro_filter.o
       760        174          0         24      20480       4195   heap_4.o
      1848        198          0        208          0       4146   imu_update.o
       200         14          0          0          0       1147   led.o
       148          0          0          0          0       3430   list.o
       874        262          0         40          0     360395   main.o
       140         24          0          0          0       1639   misc.o
      3280        166        168          0       1168      10105   mrac.o
        56          4          0          0          0        728   mrac_math.o
      2410         20          0       1120          0       2920   pid.o
      1182        396          0         12          0      11297   port.o
       872         44          0          8          0       4529   pwm.o
      2164        238          0          0         64      16413   queue.o
      1730        198          0         16         60       7966   rc_input.o
      1492        110          0          7         16       4786   remotertask.o
         6          0          0          4          0       2898   retarget.o
       682         58          0          0        160       4746   rpm.o
      9100        652         64         40       1244      13695   send_data.o
       324         18          0          0          0       1327   spi.o
      7252        796          0        126        284      21480   stabilizertask.o
        64         26        392          0       1536        888   startup_stm32f40_41xxx.o
       412         24          0          0          0       7562   stm32f4xx_adc.o
       744         72          0          0          0       7311   stm32f4xx_dma.o
       184         16          0          0          0       2232   stm32f4xx_exti.o
       390         34          0          0          0       4203   stm32f4xx_flash.o
       240          0          0          0          0       3625   stm32f4xx_gpio.o
      1776        124          0         36          0       9706   stm32f4xx_it.o
       392         48          0         16          0       6073   stm32f4xx_rcc.o
       260         24          0          0          0       2510   stm32f4xx_spi.o
        64          4          0          0          0        688   stm32f4xx_syscfg.o
       864         66          0          0          0       9205   stm32f4xx_tim.o
       682         42          0          0          0       5910   stm32f4xx_usart.o
      3998        736          0          8       4844      19174   subscribe.o
      2264        366          0         53        240      11155   sysid.o
       340         32          0         20          0       1993   system_stm32f4xx.o
       296         20          0          0          0        696   systemmonitor_task.o
      3698        930          0         60        740      32332   tasks.o
       616         68        176          0         36       4011   thrust_estimators.o
      1310        312          0         20         40       9291   timers.o
       672         40          0          2         57       2246   usart1.o
       180         16          0          0          0        699   usart2.o
       916         98          0         54       4676       5563   usart3.o
       288         24          0         36        568       2060   usart4.o
      1118         52          0         32        768       9344   usart5.o

    ----------------------------------------------------------------------
     70302       7678        832       2428     119852     720403   Object Totals
         0          0         32          0          0          0   (incl. Generated)
        64          0          0         18          3          0   (incl. Padding)

    ----------------------------------------------------------------------

      Code (inc. data)   RO Data    RW Data    ZI Data      Debug   Library Member Name

        90          0          0          0          0          0   __dczerorl2.o
         8          0          0          0          0         68   __main.o
       104          0          0          0          0         84   __printf.o
         0          0          0          0          0          0   __rtentry.o
        12          0          0          0          0          0   __rtentry2.o
         6          0          0          0          0          0   __rtentry4.o
        52          8          0          0          0          0   __scatter.o
        28          0          0          0          0          0   __scatter_zi.o
        44          0          0          0          0        108   _printf_char.o
        48          6          0          0          0         96   _printf_char_common.o
        36          4          0          0          0         80   _printf_char_file.o
         6          0          0          0          0          0   _printf_d.o
       120         16          0          0          0         92   _printf_dec.o
       178          0          0          0          0         88   _printf_intcommon.o
         0          0          0          0          0          0   _printf_percent.o
         4          0          0          0          0          0   _printf_percent_end.o
         6          0          0          0          0          0   _printf_s.o
        82          0          0          0          0         80   _printf_str.o
        22          0          0          0          0        100   _rserrno.o
        16          0          0          0          0         68   aeabi_memset.o
        18          0          0          0          0         80   exit.o
         8          0          0          0          0         68   ferror.o
         6          0          0          0          0        152   heapauxi.o
         2          0          0          0          0          0   libinit.o
         6          0          0          0          0          0   libinit2.o
         2          0          0          0          0          0   libshutdown.o
         2          0          0          0          0          0   libshutdown2.o
         8          4          0          0         96         68   libspace.o
       238          0          0          0          0        100   lludivv7m.o
        24          4          0          0          0         84   noretval__2printf.o
         8          4          0          0          0         68   rt_errno_addr_intlibspace.o
        68          0          0          0          0         68   rt_memclr.o
        78          0          0          0          0         80   rt_memclr_w.o
       138          0          0          0          0         68   rt_memcpy_v6.o
       100          0          0          0          0         80   rt_memcpy_w.o
         2          0          0          0          0          0   rtexit.o
        10          0          0          0          0          0   rtexit2.o
        74          0          0          0          0         80   sys_stackheap_outer.o
         2          0          0          0          0         68   use_no_semi.o
         2          0          0          0          0         68   use_no_semi_2.o
        24          0          0          0          0        164   basic.o
        98          4          0          0          0        140   d2f.o
       826         16          0          0          0        492   daddsub_clz.o
        16          4          0          0          0        116   dcheck1.o
        24          0          0          0          0        116   dcmpi.o
       688        140          0          0          0        256   ddiv.o
        94          4          0          0          0        140   dfix.o
        90          4          0          0          0        140   dfixu.o
        84          0          0          0          0        232   dflt_clz.o
       120          4          0          0          0        140   dleqf.o
       340         12          0          0          0        152   dmul.o
       156          4          0          0          0        140   dnaninf.o
        12          0          0          0          0        116   dretinf.o
       108          0          0          0          0        128   drleqf.o
       408         56          0          0          0        168   dsqrt_umaal.o
        86          4          0          0          0        132   f2d.o
       140          4          0          0          0        132   fnaninf.o
        10          0          0          0          0        116   fpinit.o
        10          0          0          0          0        116   fretinf.o
       100          0          0          0          0        116   retnan.o
        92          0          0          0          0        116   scalbn.o
        48          0          0          0          0        116   trapv.o
         0          0          0          0          0          0   usenofp.o
       300         42          0          0          0        176   asinf.o
       592         90          0          0          0        184   atan2f.o
       200         20          0          0          0        164   cos.o
       368         46         48          0          0        200   cos_i.o
       336         56          0          0          0        136   cosf.o
       184         44          0          0          0        744   dunder.o
       488         62         48          0          0        236   expf.o
        24          0          0          0          0        124   fabs.o
        48          0          0          0          0        124   fpclassify.o
        38          0          0          0          0        116   fpclassifyf.o
        80         24          0          0          0        696   funder.o
       248          0          0          0          0        152   poly.o
      3152        296        136          0          0        352   pow.o
      1636        110        320          0          0        372   powf.o
         0          0          8          0          0          0   qnan.o
      1080        142        200          0          0        188   rred.o
       340         24         32          0          0        160   rredf.o
       200         20          0          0          0        164   sin.o
       304         24         40          0          0        208   sin_i.o
       400         56          0          0          0        212   sinf.o
       232          0          0          0          0        296   sqrt.o
       120          0          0          0          0        272   sqrtf.o
       380         58          0          0          0        200   tanf.o
       228         20          0          0          0        152   tanhf.o

    ----------------------------------------------------------------------
     16242       1448        832          0         96      11108   Library Totals
        32         12          0          0          0          0   (incl. Padding)

    ----------------------------------------------------------------------

      Code (inc. data)   RO Data    RW Data    ZI Data      Debug   Library Name

      1658         46          0          0         96       1996   c_w.l
      3574        256          0          0          0       3484   fz_wm.l
     10978       1134        832          0          0       5628   m_wm.l

    ----------------------------------------------------------------------
     16242       1448        832          0         96      11108   Library Totals

    ----------------------------------------------------------------------

==============================================================================


      Code (inc. data)   RO Data    RW Data    ZI Data      Debug   

     86544       9126       1664       2428     119948     691871   Grand Totals
     86544       9126       1664        444     119948     691871   ELF Image Totals (compressed)
     86544       9126       1664        444          0          0   ROM Totals

==============================================================================

    Total RO  Size (Code + RO Data)                88208 (  86.14kB)
    Total RW  Size (RW Data + ZI Data)            122376 ( 119.51kB)
    Total ROM Size (Code + RO Data + RW Data)      88652 (  86.57kB)

==============================================================================

